Archive member included to satisfy reference by file (symbol)

D:/STM32/STM32CubeIDE_1.16.0/STM32CubeIDE/plugins/com.st.stm32cube.ide.mcu.externaltools.gnu-tools-for-stm32.12.3.rel1.win32_1.0.200.202406191623/tools/bin/../lib/gcc/arm-none-eabi/12.3.1/../../../../arm-none-eabi/lib/thumb/v7e-m+fp/hard\libc_nano.a(libc_a-exit.o)
                              D:/STM32/STM32CubeIDE_1.16.0/STM32CubeIDE/plugins/com.st.stm32cube.ide.mcu.externaltools.gnu-tools-for-stm32.12.3.rel1.win32_1.0.200.202406191623/tools/bin/../lib/gcc/arm-none-eabi/12.3.1/../../../../arm-none-eabi/lib/thumb/v7e-m+fp/hard/crt0.o (exit)
D:/STM32/STM32CubeIDE_1.16.0/STM32CubeIDE/plugins/com.st.stm32cube.ide.mcu.externaltools.gnu-tools-for-stm32.12.3.rel1.win32_1.0.200.202406191623/tools/bin/../lib/gcc/arm-none-eabi/12.3.1/../../../../arm-none-eabi/lib/thumb/v7e-m+fp/hard\libc_nano.a(libc_a-findfp.o)
                              D:/STM32/STM32CubeIDE_1.16.0/STM32CubeIDE/plugins/com.st.stm32cube.ide.mcu.externaltools.gnu-tools-for-stm32.12.3.rel1.win32_1.0.200.202406191623/tools/bin/../lib/gcc/arm-none-eabi/12.3.1/../../../../arm-none-eabi/lib/thumb/v7e-m+fp/hard\libc_nano.a(libc_a-exit.o) (__stdio_exit_handler)
D:/STM32/STM32CubeIDE_1.16.0/STM32CubeIDE/plugins/com.st.stm32cube.ide.mcu.externaltools.gnu-tools-for-stm32.12.3.rel1.win32_1.0.200.202406191623/tools/bin/../lib/gcc/arm-none-eabi/12.3.1/../../../../arm-none-eabi/lib/thumb/v7e-m+fp/hard\libc_nano.a(libc_a-fwalk.o)
                              D:/STM32/STM32CubeIDE_1.16.0/STM32CubeIDE/plugins/com.st.stm32cube.ide.mcu.externaltools.gnu-tools-for-stm32.12.3.rel1.win32_1.0.200.202406191623/tools/bin/../lib/gcc/arm-none-eabi/12.3.1/../../../../arm-none-eabi/lib/thumb/v7e-m+fp/hard\libc_nano.a(libc_a-findfp.o) (_fwalk_sglue)
D:/STM32/STM32CubeIDE_1.16.0/STM32CubeIDE/plugins/com.st.stm32cube.ide.mcu.externaltools.gnu-tools-for-stm32.12.3.rel1.win32_1.0.200.202406191623/tools/bin/../lib/gcc/arm-none-eabi/12.3.1/../../../../arm-none-eabi/lib/thumb/v7e-m+fp/hard\libc_nano.a(libc_a-printf.o)
                              ./Core/Src/ApplicationCode.o (printf)
D:/STM32/STM32CubeIDE_1.16.0/STM32CubeIDE/plugins/com.st.stm32cube.ide.mcu.externaltools.gnu-tools-for-stm32.12.3.rel1.win32_1.0.200.202406191623/tools/bin/../lib/gcc/arm-none-eabi/12.3.1/../../../../arm-none-eabi/lib/thumb/v7e-m+fp/hard\libc_nano.a(libc_a-puts.o)
                              ./Core/Src/ApplicationCode.o (puts)
D:/STM32/STM32CubeIDE_1.16.0/STM32CubeIDE/plugins/com.st.stm32cube.ide.mcu.externaltools.gnu-tools-for-stm32.12.3.rel1.win32_1.0.200.202406191623/tools/bin/../lib/gcc/arm-none-eabi/12.3.1/../../../../arm-none-eabi/lib/thumb/v7e-m+fp/hard\libc_nano.a(libc_a-sprintf.o)
                              ./Core/Src/Game_driver.o (sprintf)
D:/STM32/STM32CubeIDE_1.16.0/STM32CubeIDE/plugins/com.st.stm32cube.ide.mcu.externaltools.gnu-tools-for-stm32.12.3.rel1.win32_1.0.200.202406191623/tools/bin/../lib/gcc/arm-none-eabi/12.3.1/../../../../arm-none-eabi/lib/thumb/v7e-m+fp/hard\libc_nano.a(libc_a-stdio.o)
                              D:/STM32/STM32CubeIDE_1.16.0/STM32CubeIDE/plugins/com.st.stm32cube.ide.mcu.externaltools.gnu-tools-for-stm32.12.3.rel1.win32_1.0.200.202406191623/tools/bin/../lib/gcc/arm-none-eabi/12.3.1/../../../../arm-none-eabi/lib/thumb/v7e-m+fp/hard\libc_nano.a(libc_a-findfp.o) (__sread)
D:/STM32/STM32CubeIDE_1.16.0/STM32CubeIDE/plugins/com.st.stm32cube.ide.mcu.externaltools.gnu-tools-for-stm32.12.3.rel1.win32_1.0.200.202406191623/tools/bin/../lib/gcc/arm-none-eabi/12.3.1/../../../../arm-none-eabi/lib/thumb/v7e-m+fp/hard\libc_nano.a(libc_a-wbuf.o)
                              D:/STM32/STM32CubeIDE_1.16.0/STM32CubeIDE/plugins/com.st.stm32cube.ide.mcu.externaltools.gnu-tools-for-stm32.12.3.rel1.win32_1.0.200.202406191623/tools/bin/../lib/gcc/arm-none-eabi/12.3.1/../../../../arm-none-eabi/lib/thumb/v7e-m+fp/hard\libc_nano.a(libc_a-puts.o) (__swbuf_r)
D:/STM32/STM32CubeIDE_1.16.0/STM32CubeIDE/plugins/com.st.stm32cube.ide.mcu.externaltools.gnu-tools-for-stm32.12.3.rel1.win32_1.0.200.202406191623/tools/bin/../lib/gcc/arm-none-eabi/12.3.1/../../../../arm-none-eabi/lib/thumb/v7e-m+fp/hard\libc_nano.a(libc_a-wsetup.o)
                              D:/STM32/STM32CubeIDE_1.16.0/STM32CubeIDE/plugins/com.st.stm32cube.ide.mcu.externaltools.gnu-tools-for-stm32.12.3.rel1.win32_1.0.200.202406191623/tools/bin/../lib/gcc/arm-none-eabi/12.3.1/../../../../arm-none-eabi/lib/thumb/v7e-m+fp/hard\libc_nano.a(libc_a-puts.o) (__swsetup_r)
D:/STM32/STM32CubeIDE_1.16.0/STM32CubeIDE/plugins/com.st.stm32cube.ide.mcu.externaltools.gnu-tools-for-stm32.12.3.rel1.win32_1.0.200.202406191623/tools/bin/../lib/gcc/arm-none-eabi/12.3.1/../../../../arm-none-eabi/lib/thumb/v7e-m+fp/hard\libc_nano.a(libc_a-memset.o)
[...]
Memory Configuration

Name             Origin             Length             Attributes
CCMRAM           0x10000000         0x00010000         xrw
RAM              0x20000000         0x00030000         xrw
FLASH            0x08000000         0x00200000         xr
*default*        0x00000000         0xffffffff

Linker script and memory map

LOAD D:/STM32/STM32CubeIDE_1.16.0/STM32CubeIDE/plugins/com.st.stm32cube.ide.mcu.externaltools.gnu-tools-for-stm32.12.3.rel1.win32_1.0.200.202406191623/tools/bin/../lib/gcc/arm-none-eabi/12.3.1/thumb/v7e-m+fp/hard/crti.o
LOAD D:/STM32/STM32CubeIDE_1.16.0/STM32CubeIDE/plugins/com.st.stm32cube.ide.mcu.externaltools.gnu-tools-for-stm32.12.3.rel1.win32_1.0.200.202406191623/tools/bin/../lib/gcc/arm-none-eabi/12.3.1/thumb/v7e-m+fp/hard/crtbegin.o
LOAD D:/STM32/STM32CubeIDE_1.16.0/STM32CubeIDE/plugins/com.st.stm32cube.ide.mcu.externaltools.gnu-tools-for-stm32.12.3.rel1.win32_1.0.200.202406191623/tools/bin/../lib/gcc/arm-none-eabi/12.3.1/../../../../arm-none-eabi/lib/thumb/v7e-m+fp/hard/crt0.o
LOAD ./Core/Src/ApplicationCode.o
LOAD ./Core/Src/Button_driver.o
LOAD ./Core/Src/Game_driver.o
LOAD ./Core/Src/LCD_Driver.o
LOAD ./Core/Src/RNG.o
LOAD ./Core/Src/fonts.o
LOAD ./Core/Src/ili9341.o
LOAD ./Core/Src/main.o
LOAD ./Core/Src/stm32f4xx_hal_msp.o
LOAD ./Core/Src/stm32f4xx_it.o
LOAD ./Core/Src/stmpe811.o
LOAD ./Core/Src/syscalls.o
LOAD ./Core/Src/sysmem.o
LOAD ./Core/Src/system_stm32f4xx.o
LOAD ./Core/Startup/startup_stm32f429zitx.o
LOAD ./Drivers/STM32F4xx_HAL_Driver/Src/stm32f4xx_hal.o
LOAD ./Drivers/STM32F4xx_HAL_Driver/Src/stm32f4xx_hal_cortex.o
LOAD ./Drivers/STM32F4xx_HAL_Driver/Src/stm32f4xx_hal_crc.o
LOAD ./Drivers/STM32F4xx_HAL_Driver/Src/stm32f4xx_hal_dma.o
LOAD ./Drivers/STM32F4xx_HAL_Driver/Src/stm32f4xx_hal_dma2d.o
LOAD ./Drivers/STM32F4xx_HAL_Driver/Src/stm32f4xx_hal_dma_ex.o
LOAD ./Drivers/STM32F4xx_HAL_Driver/Src/stm32f4xx_hal_dsi.o
LOAD ./Drivers/STM32F4xx_HAL_Driver/Src/stm32f4xx_hal_exti.o
LOAD ./Drivers/STM32F4xx_HAL_Driver/Src/stm32f4xx_hal_flash.o
LOAD ./Drivers/STM32F4xx_HAL_Driver/Src/stm32f4xx_hal_flash_ex.o
LOAD ./Drivers/STM32F4xx_HAL_Driver/Src/stm32f4xx_hal_flash_ramfunc.o
LOAD ./Drivers/STM32F4xx_HAL_Driver/Src/stm32f4xx_hal_gpio.o
LOAD ./Drivers/STM32F4xx_HAL_Driver/Src/stm32f4xx_hal_i2c.o
LOAD ./Drivers/STM32F4xx_HAL_Driver/Src/stm32f4xx_hal_i2c_ex.o
LOAD ./Drivers/STM32F4xx_HAL_Driver/Src/stm32f4xx_hal_ltdc.o
LOAD ./Drivers/STM32F4xx_HAL_Driver/Src/stm32f4xx_hal_ltdc_ex.o
LOAD ./Drivers/STM32F4xx_HAL_Driver/Src/stm32f4xx_hal_pwr.o
LOAD ./Drivers/STM32F4xx_HAL_Driver/Src/stm32f4xx_hal_pwr_ex.o
LOAD ./Drivers/STM32F4xx_HAL_Driver/Src/stm32f4xx_hal_rcc.o
LOAD ./Drivers/STM32F4xx_HAL_Driver/Src/stm32f4xx_hal_rcc_ex.o
LOAD ./Drivers/STM32F4xx_HAL_Driver/Src/stm32f4xx_hal_rng.o
LOAD ./Drivers/STM32F4xx_HAL_Driver/Src/stm32f4xx_hal_spi.o
LOAD ./Drivers/STM32F4xx_HAL_Driver/Src/stm32f4xx_hal_tim.o
LOAD ./Drivers/STM32F4xx_HAL_Driver/Src/stm32f4xx_hal_tim_ex.o
START GROUP
LOAD D:/STM32/STM32CubeIDE_1.16.0/STM32CubeIDE/plugins/com.st.stm32cube.ide.mcu.externaltools.gnu-tools-for-stm32.12.3.rel1.win32_1.0.200.202406191623/tools/bin/../lib/gcc/arm-none-eabi/12.3.1/../../../../arm-none-eabi/lib/thumb/v7e-m+fp/hard\libc_nano.a
LOAD D:/STM32/STM32CubeIDE_1.16.0/STM32CubeIDE/plugins/com.st.stm32cube.ide.mcu.externaltools.gnu-tools-for-stm32.12.3.rel1.win32_1.0.200.202406191623/tools/bin/../lib/gcc/arm-none-eabi/12.3.1/../../../../arm-none-eabi/lib/thumb/v7e-m+fp/hard\libm.a
END GROUP
START GROUP
LOAD D:/STM32/STM32CubeIDE_1.16.0/STM32CubeIDE/plugins/com.st.stm32cube.ide.mcu.externaltools.gnu-tools-for-stm32.12.3.rel1.win32_1.0.200.202406191623/tools/bin/../lib/gcc/arm-none-eabi/12.3.1/thumb/v7e-m+fp/hard\libgcc.a
LOAD D:/STM32/STM32CubeIDE_1.16.0/STM32CubeIDE/plugins/com.st.stm32cube.ide.mcu.externaltools.gnu-tools-for-stm32.12.3.rel1.win32_1.0.200.202406191623/tools/bin/../lib/gcc/arm-none-eabi/12.3.1/../../../../arm-none-eabi/lib/thumb/v7e-m+fp/hard\libc_nano.a
END GROUP
START GROUP
LOAD D:/STM32/STM32CubeIDE_1.16.0/STM32CubeIDE/plugins/com.st.stm32cube.ide.mcu.externaltools.gnu-tools-for-stm32.12.3.rel1.win32_1.0.200.202406191623/tools/bin/../lib/gcc/arm-none-eabi/12.3.1/thumb/v7e-m+fp/hard\libgcc.a
LOAD D:/STM32/STM32CubeIDE_1.16.0/STM32CubeIDE/plugins/com.st.stm32cube.ide.mcu.externaltools.gnu-tools-for-stm32.12.3.rel1.win32_1.0.200.202406191623/tools/bin/../lib/gcc/arm-none-eabi/12.3.1/../../../../arm-none-eabi/lib/thumb/v7e-m+fp/hard\libc_nano.a
LOAD D:/STM32/STM32CubeIDE_1.16.0/STM32CubeIDE/plugins/com.st.stm32cube.ide.mcu.externaltools.gnu-tools-for-stm32.12.3.rel1.win32_1.0.200.202406191623/tools/bin/../lib/gcc/arm-none-eabi/12.3.1/../../../../arm-none-eabi/lib/thumb/v7e-m+fp/hard\libnosys.a
END GROUP
START GROUP
LOAD D:/STM32/STM32CubeIDE_1.16.0/STM32CubeIDE/plugins/com.st.stm32cube.ide.mcu.externaltools.gnu-tools-for-stm32.12.3.rel1.win32_1.0.200.202406191623/tools/bin/../lib/gcc/arm-none-eabi/12.3.1/thumb/v7e-m+fp/hard\libgcc.a
LOAD D:/STM32/STM32CubeIDE_1.16.0/STM32CubeIDE/plugins/com.st.stm32cube.ide.mcu.externaltools.gnu-tools-for-stm32.12.3.rel1.win32_1.0.200.202406191623/tools/bin/../lib/gcc/arm-none-eabi/12.3.1/../../../../arm-none-eabi/lib/thumb/v7e-m+fp/hard\libc_nano.a
LOAD D:/STM32/STM32CubeIDE_1.16.0/STM32CubeIDE/plugins/com.st.stm32cube.ide.mcu.externaltools.gnu-tools-for-stm32.12.3.rel1.win32_1.0.200.202406191623/tools/bin/../lib/gcc/arm-none-eabi/12.3.1/../../../../arm-none-eabi/lib/thumb/v7e-m+fp/hard\libnosys.a
END GROUP
LOAD D:/STM32/STM32CubeIDE_1.16.0/STM32CubeIDE/plugins/com.st.stm32cube.ide.mcu.externaltools.gnu-tools-for-stm32.12.3.rel1.win32_1.0.200.202406191623/tools/bin/../lib/gcc/arm-none-eabi/12.3.1/thumb/v7e-m+fp/hard/crtend.o
LOAD D:/STM32/STM32CubeIDE_1.16.0/STM32CubeIDE/plugins/com.st.stm32cube.ide.mcu.externaltools.gnu-tools-for-stm32.12.3.rel1.win32_1.0.200.202406191623/tools/bin/../lib/gcc/arm-none-eabi/12.3.1/thumb/v7e-m+fp/hard/crtn.o
                0x20030000                        _estack = (ORIGIN (RAM) + LENGTH (RAM))
                0x00000200                        _Min_Heap_Size = 0x200
                0x00000400                        _Min_Stack_Size = 0x400

.isr_vector     0x08000000      0x1ac
                0x08000000                        . = ALIGN (0x4)
 *(.isr_vector)
 .isr_vector    0x08000000      0x1ac ./Core/Startup/startup_stm32f429zitx.o
                0x08000000                g_pfnVectors
                0x080001ac                        . = ALIGN (0x4)

.text           0x080001b0     0x66e8
                0x080001b0                        . = ALIGN (0x4)
 *(.text)
 .text          0x080001b0       0x40 D:/STM32/STM32CubeIDE_1.16.0/STM32CubeIDE/plugins/com.st.stm32cube.ide.mcu.externaltools.gnu-tools-for-stm32.12.3.rel1.win32_1.0.200.202406191623/tools/bin/../lib/gcc/arm-none-eabi/12.3.1/thumb/v7e-m+fp/hard/crtbegin.o
 .text          0x080001f0       0xa0 D:/STM32/STM32CubeIDE_1.16.0/STM32CubeIDE/plugins/com.st.stm32cube.ide.mcu.externaltools.gnu-tools-for-stm32.12.3.rel1.win32_1.0.200.202406191623/tools/bin/../lib/gcc/arm-none-eabi/12.3.1/../../../../arm-none-eabi/lib/thumb/v7e-m+fp/hard\libc_nano.a(libc_a-memchr.o)
                0x080001f0                memchr
 .text          0x08000290       0x30 D:/STM32/STM32CubeIDE_1.16.0/STM32CubeIDE/plugins/com.st.stm32cube.ide.mcu.externaltools.gnu-tools-for-stm32.12.3.rel1.win32_1.0.200.202406191623/tools/bin/../lib/gcc/arm-none-eabi/12.3.1/thumb/v7e-m+fp/hard\libgcc.a(_aeabi_uldivmod.o)
                0x08000290                __aeabi_uldivmod
 .text          0x080002c0      0x2bc D:/STM32/STM32CubeIDE_1.16.0/STM32CubeIDE/plugins/com.st.stm32cube.ide.mcu.externaltools.gnu-tools-for-stm32.12.3.rel1.win32_1.0.200.202406191623/tools/bin/../lib/gcc/arm-none-eabi/12.3.1/thumb/v7e-m+fp/hard\libgcc.a(_udivmoddi4.o)
                0x080002c0                __udivmoddi4
 .text          0x0800057c        0x4 D:/STM32/STM32CubeIDE_1.16.0/STM32CubeIDE/plugins/com.st.stm32cube.ide.mcu.externaltools.gnu-tools-for-stm32.12.3.rel1.win32_1.0.200.202406191623/tools/bin/../lib/gcc/arm-none-eabi/12.3.1/thumb/v7e-m+fp/hard\libgcc.a(_dvmd_tls.o)
                0x0800057c                __aeabi_idiv0
                0x0800057c                __aeabi_ldiv0
 *(.text*)
 .text.__NVIC_EnableIRQ
                0x08000580       0x3c ./Core/Src/ApplicationCode.o
 .text.TIM7_Init
                0x080005bc       0x4c ./Core/Src/ApplicationCode.o
                0x080005bc                TIM7_Init
 .text.TimerStart
                0x08000608       0x20 ./Core/Src/ApplicationCode.o
                0x08000608                TimerStart
 .text.TimerStop
                0x08000628       0x20 ./Core/Src/ApplicationCode.o
                0x08000628                TimerStop
 .text.Timer_GetValue
                0x08000648       0x18 ./Core/Src/ApplicationCode.o
                0x08000648                Timer_GetValue
 .text.Timer_GetElapsedTime
                0x08000660       0x18 ./Core/Src/ApplicationCode.o
                0x08000660                Timer_GetElapsedTime
 .text.TIM7_IRQHandler
                0x08000678       0x38 ./Core/Src/ApplicationCode.o
                0x08000678                TIM7_IRQHandler
 .text.ApplicationInit
                0x080006b0       0x74 ./Core/Src/ApplicationCode.o
                0x080006b0                ApplicationInit
 .text.EXTI0_IRQHandler
                0x08000724       0x1c ./Core/Src/ApplicationCode.o
                0x08000724                EXTI0_IRQHandler
 .text.Button_Init
                0x08000740       0x54 ./Core/Src/Button_driver.o
                0x08000740                Button_Init
 .text.EXTI_ClearPending
                0x08000794       0x1e ./Core/Src/Button_driver.o
                0x08000794                EXTI_ClearPending
 *fill*         0x080007b2        0x2 
 .text.Game_IsOver
                0x080007b4       0x18 ./Core/Src/Game_driver.o
                0x080007b4                Game_IsOver
 .text.Game_Init
                0x080007cc       0x34 ./Core/Src/Game_driver.o
                0x080007cc                Game_Init
 .text.Game_Draw_Field
                0x08000800       0xa8 ./Core/Src/Game_driver.o
                0x08000800                Game_Draw_Field
 .text.Game_Draw_Tetromino
                0x080008a8       0xa0 ./Core/Src/Game_driver.o
                0x080008a8                Game_Draw_Tetromino
 .text.SpawnTetromino
                0x08000948       0xac ./Core/Src/Game_driver.o
                0x08000948                SpawnTetromino
 .text.ClearFullRows
                0x080009f4       0xc4 ./Core/Src/Game_driver.o
                0x080009f4                ClearFullRows
 .text.CheckCollision
                0x08000ab8       0xc0 ./Core/Src/Game_driver.o
                0x08000ab8                CheckCollision
 .text.MoveTetromino
                0x08000b78       0x60 ./Core/Src/Game_driver.o
                0x08000b78                MoveTetromino
 .text.RotateTetromino
                0x08000bd8       0xb4 ./Core/Src/Game_driver.o
                0x08000bd8                RotateTetromino
 .text.EndGame  0x08000c8c       0xb4 ./Core/Src/Game_driver.o
                0x08000c8c                EndGame
 .text.Game_Update
                0x08000d40       0xd0 ./Core/Src/Game_driver.o
                0x08000d40                Game_Update
 .text.LCD_GPIO_Init
                0x08000e10      0x190 ./Core/Src/LCD_Driver.o
                0x08000e10                LCD_GPIO_Init
 .text.LTCD_Layer_Init
                0x08000fa0       0x80 ./Core/Src/LCD_Driver.o
                0x08000fa0                LTCD_Layer_Init
 .text.LCD_DisplayString
                0x08001020       0x48 ./Core/Src/LCD_Driver.o
                0x08001020                LCD_DisplayString
 .text.LTCD__Init
                0x08001068       0xbc ./Core/Src/LCD_Driver.o
                0x08001068                LTCD__Init
 .text.LCD_Draw_Pixel
                0x08001124       0x3c ./Core/Src/LCD_Driver.o
                0x08001124                LCD_Draw_Pixel
 .text.LCD_Clear
                0x08001160       0x44 ./Core/Src/LCD_Driver.o
                0x08001160                LCD_Clear
 .text.LCD_SetTextColor
                0x080011a4       0x20 ./Core/Src/LCD_Driver.o
                0x080011a4                LCD_SetTextColor
 .text.LCD_SetFont
                0x080011c4       0x20 ./Core/Src/LCD_Driver.o
                0x080011c4                LCD_SetFont
 .text.LCD_Draw_Char
                0x080011e4       0xdc ./Core/Src/LCD_Driver.o
                0x080011e4                LCD_Draw_Char
 .text.LCD_DisplayChar
                0x080012c0       0x44 ./Core/Src/LCD_Driver.o
                0x080012c0                LCD_DisplayChar
 .text.visualDemo
                0x08001304      0x218 ./Core/Src/LCD_Driver.o
                0x08001304                visualDemo
 .text.LCD_Error_Handler
                0x0800151c        0xc ./Core/Src/LCD_Driver.o
                0x0800151c                LCD_Error_Handler
 .text.LCD_DrawPixel
                0x08001528       0x48 ./Core/Src/LCD_Driver.o
                0x08001528                LCD_DrawPixel
 .text.LCD_DrawRectangle
                0x08001570       0x68 ./Core/Src/LCD_Driver.o
                0x08001570                LCD_DrawRectangle
 .text.LCD_Draw_Tetromino_Block
                0x080015d8       0xe4 ./Core/Src/LCD_Driver.o
                0x080015d8                LCD_Draw_Tetromino_Block
 .text.LCD_Draw_Tetromino_Shape
                0x080016bc       0x8c ./Core/Src/LCD_Driver.o
                0x080016bc                LCD_Draw_Tetromino_Shape
 .text.InitializeLCDTouch
                0x08001748       0x16 ./Core/Src/LCD_Driver.o
                0x08001748                InitializeLCDTouch
 .text.returnTouchStateAndLocation
                0x0800175e       0x18 ./Core/Src/LCD_Driver.o
                0x0800175e                returnTouchStateAndLocation
 *fill*         0x08001776        0x2 
 .text.RNG_Init
                0x08001778       0x54 ./Core/Src/RNG.o
                0x08001778                RNG_Init
 .text.RNG_GetRandomNumber
                0x080017cc       0x34 ./Core/Src/RNG.o
                0x080017cc                RNG_GetRandomNumber
 .text.ili9341_Init
                0x08001800      0x294 ./Core/Src/ili9341.o
                0x08001800                ili9341_Init
 .text.ili9341_Write_Reg
                0x08001a94       0x1a ./Core/Src/ili9341.o
                0x08001a94                ili9341_Write_Reg
 .text.ili9341_Send_Data
                0x08001aae       0x1a ./Core/Src/ili9341.o
                0x08001aae                ili9341_Send_Data
 .text.SPI_Init
                0x08001ac8       0x74 ./Core/Src/ili9341.o
 .text.SPI_Write
                0x08001b3c       0x3c ./Core/Src/ili9341.o
 .text.SPI_Error
                0x08001b78       0x18 ./Core/Src/ili9341.o
 .text.SPI_MspInit
                0x08001b90       0x74 ./Core/Src/ili9341.o
 .text.LCD_IO_Init
                0x08001c04       0xf0 ./Core/Src/ili9341.o
                0x08001c04                LCD_IO_Init
 .text.LCD_IO_WriteData
                0x08001cf4       0x44 ./Core/Src/ili9341.o
                0x08001cf4                LCD_IO_WriteData
 .text.LCD_IO_WriteReg
                0x08001d38       0x44 ./Core/Src/ili9341.o
                0x08001d38                LCD_IO_WriteReg
 .text.LCD_Delay
                0x08001d7c       0x16 ./Core/Src/ili9341.o
                0x08001d7c                LCD_Delay
 .text.main     0x08001d92       0x2a ./Core/Src/main.o
                0x08001d92                main
 .text.SystemClock_Config
                0x08001dbc       0xd4 ./Core/Src/main.o
                0x08001dbc                SystemClock_Config
 .text.Error_Handler
                0x08001e90        0xc ./Core/Src/main.o
                0x08001e90                Error_Handler
 .text.HAL_MspInit
                0x08001e9c       0x50 ./Core/Src/stm32f4xx_hal_msp.o
                0x08001e9c                HAL_MspInit
 .text.HAL_I2C_MspInit
                0x08001eec       0xd4 ./Core/Src/stm32f4xx_hal_msp.o
                0x08001eec                HAL_I2C_MspInit
 .text.HAL_LTDC_MspInit
                0x08001fc0      0x250 ./Core/Src/stm32f4xx_hal_msp.o
                0x08001fc0                HAL_LTDC_MspInit
 .text.HAL_RNG_MspInit
                0x08002210       0x50 ./Core/Src/stm32f4xx_hal_msp.o
                0x08002210                HAL_RNG_MspInit
 .text.HAL_SPI_MspInit
                0x08002260      0x140 ./Core/Src/stm32f4xx_hal_msp.o
                0x08002260                HAL_SPI_MspInit
 .text.HAL_SPI_MspDeInit
                0x080023a0       0x74 ./Core/Src/stm32f4xx_hal_msp.o
                0x080023a0                HAL_SPI_MspDeInit
 .text.NMI_Handler
                0x08002414        0x8 ./Core/Src/stm32f4xx_it.o
                0x08002414                NMI_Handler
 .text.HardFault_Handler
                0x0800241c        0x8 ./Core/Src/stm32f4xx_it.o
                0x0800241c                HardFault_Handler
 .text.MemManage_Handler
                0x08002424        0x8 ./Core/Src/stm32f4xx_it.o
                0x08002424                MemManage_Handler
 .text.BusFault_Handler
                0x0800242c        0x8 ./Core/Src/stm32f4xx_it.o
                0x0800242c                BusFault_Handler
 .text.UsageFault_Handler
                0x08002434        0x8 ./Core/Src/stm32f4xx_it.o
                0x08002434                UsageFault_Handler
 .text.SVC_Handler
                0x0800243c        0xe ./Core/Src/stm32f4xx_it.o
                0x0800243c                SVC_Handler
 .text.DebugMon_Handler
                0x0800244a        0xe ./Core/Src/stm32f4xx_it.o
                0x0800244a                DebugMon_Handler
 .text.PendSV_Handler
                0x08002458        0xe ./Core/Src/stm32f4xx_it.o
                0x08002458                PendSV_Handler
 .text.SysTick_Handler
                0x08002466        0xc ./Core/Src/stm32f4xx_it.o
                0x08002466                SysTick_Handler
 *fill*         0x08002472        0x2 
 .text.HASH_RNG_IRQHandler
                0x08002474       0x14 ./Core/Src/stm32f4xx_it.o
                0x08002474                HASH_RNG_IRQHandler
 .text.STMPE811_Init
                0x08002488      0x14e ./Core/Src/stmpe811.o
                0x08002488                STMPE811_Init
 .text.STMPE811_Read
                0x080025d6       0x22 ./Core/Src/stmpe811.o
                0x080025d6                STMPE811_Read
 .text.STMPE811_ReadTouch
                0x080025f8      0x198 ./Core/Src/stmpe811.o
                0x080025f8                STMPE811_ReadTouch
 .text.verifyHAL_I2C_IS_OKAY
                0x08002790       0x20 ./Core/Src/stmpe811.o
                0x08002790                verifyHAL_I2C_IS_OKAY
 .text.I2C3_Init
                0x080027b0       0x7c ./Core/Src/stmpe811.o
 .text.I2C3_MspInit
                0x0800282c       0xa8 ./Core/Src/stmpe811.o
 .text.I2C3_Write
                0x080028d4       0x54 ./Core/Src/stmpe811.o
                0x080028d4                I2C3_Write
 .text.I2C3_Read
                0x08002928       0x4c ./Core/Src/stmpe811.o
                0x08002928                I2C3_Read
 .text.I2C3_MulitByteRead
                0x08002974       0x44 ./Core/Src/stmpe811.o
                0x08002974                I2C3_MulitByteRead
 .text.TM_STMPE811_ReadX
                0x080029b8       0xbc ./Core/Src/stmpe811.o
                0x080029b8                TM_STMPE811_ReadX
 .text.TM_STMPE811_ReadY
                0x08002a74       0xa4 ./Core/Src/stmpe811.o
                0x08002a74                TM_STMPE811_ReadY
 .text.initialise_monitor_handles
                0x08002b18        0xe ./Core/Src/syscalls.o
                0x08002b18                initialise_monitor_handles
 *fill*         0x08002b26        0x2 
 .text._sbrk    0x08002b28       0x6c ./Core/Src/sysmem.o
                0x08002b28                _sbrk
 .text.SystemInit
                0x08002b94       0x24 ./Core/Src/system_stm32f4xx.o
                0x08002b94                SystemInit
 .text.Reset_Handler
                0x08002bb8       0x50 ./Core/Startup/startup_stm32f429zitx.o
                0x08002bb8                Reset_Handler
 .text.Default_Handler
                0x08002c08        0x2 ./Core/Startup/startup_stm32f429zitx.o
                0x08002c08                RTC_Alarm_IRQHandler
                0x08002c08                EXTI2_IRQHandler
                0x08002c08                TIM8_CC_IRQHandler
                0x08002c08                UART8_IRQHandler
                0x08002c08                SPI4_IRQHandler
                0x08002c08                TIM1_CC_IRQHandler
                0x08002c08                DMA2_Stream5_IRQHandler
                0x08002c08                DMA1_Stream5_IRQHandler
                0x08002c08                PVD_IRQHandler
                0x08002c08                SDIO_IRQHandler
                0x08002c08                TAMP_STAMP_IRQHandler
                0x08002c08                CAN2_RX1_IRQHandler
                0x08002c08                EXTI3_IRQHandler
                0x08002c08                TIM8_TRG_COM_TIM14_IRQHandler
                0x08002c08                TIM1_UP_TIM10_IRQHandler
                0x08002c08                TIM8_UP_TIM13_IRQHandler
                0x08002c08                I2C3_ER_IRQHandler
                0x08002c08                I2C2_EV_IRQHandler
                0x08002c08                DMA1_Stream2_IRQHandler
                0x08002c08                CAN1_RX0_IRQHandler
                0x08002c08                FPU_IRQHandler
                0x08002c08                OTG_HS_WKUP_IRQHandler
                0x08002c08                LTDC_ER_IRQHandler
                0x08002c08                CAN2_SCE_IRQHandler
                0x08002c08                DMA2_Stream2_IRQHandler
                0x08002c08                SPI1_IRQHandler
                0x08002c08                TIM6_DAC_IRQHandler
                0x08002c08                TIM1_BRK_TIM9_IRQHandler
                0x08002c08                DCMI_IRQHandler
                0x08002c08                CAN2_RX0_IRQHandler
                0x08002c08                DMA2_Stream3_IRQHandler
                0x08002c08                USART6_IRQHandler
                0x08002c08                USART3_IRQHandler
                0x08002c08                CAN1_RX1_IRQHandler
                0x08002c08                UART5_IRQHandler
                0x08002c08                DMA2_Stream0_IRQHandler
                0x08002c08                TIM4_IRQHandler
                0x08002c08                I2C1_EV_IRQHandler
                0x08002c08                DMA1_Stream6_IRQHandler
                0x08002c08                DMA1_Stream1_IRQHandler
                0x08002c08                UART4_IRQHandler
                0x08002c08                TIM3_IRQHandler
                0x08002c08                RCC_IRQHandler
                0x08002c08                TIM8_BRK_TIM12_IRQHandler
                0x08002c08                Default_Handler
                0x08002c08                EXTI15_10_IRQHandler
                0x08002c08                ADC_IRQHandler
                0x08002c08                DMA1_Stream7_IRQHandler
                0x08002c08                SPI5_IRQHandler
                0x08002c08                CAN2_TX_IRQHandler
                0x08002c08                TIM5_IRQHandler
                0x08002c08                DMA2_Stream7_IRQHandler
                0x08002c08                I2C3_EV_IRQHandler
                0x08002c08                EXTI9_5_IRQHandler
                0x08002c08                RTC_WKUP_IRQHandler
                0x08002c08                LTDC_IRQHandler
                0x08002c08                ETH_WKUP_IRQHandler
                0x08002c08                SPI2_IRQHandler
                0x08002c08                OTG_HS_EP1_IN_IRQHandler
                0x08002c08                DMA1_Stream0_IRQHandler
                0x08002c08                CAN1_TX_IRQHandler
                0x08002c08                EXTI4_IRQHandler
                0x08002c08                ETH_IRQHandler
                0x08002c08                OTG_HS_EP1_OUT_IRQHandler
                0x08002c08                WWDG_IRQHandler
                0x08002c08                SPI6_IRQHandler
                0x08002c08                TIM2_IRQHandler
                0x08002c08                OTG_FS_WKUP_IRQHandler
                0x08002c08                TIM1_TRG_COM_TIM11_IRQHandler
                0x08002c08                OTG_HS_IRQHandler
                0x08002c08                DMA2D_IRQHandler
                0x08002c08                EXTI1_IRQHandler
                0x08002c08                UART7_IRQHandler
                0x08002c08                USART2_IRQHandler
                0x08002c08                I2C2_ER_IRQHandler
                0x08002c08                DMA2_Stream1_IRQHandler
                0x08002c08                CAN1_SCE_IRQHandler
                0x08002c08                FLASH_IRQHandler
                0x08002c08                DMA2_Stream4_IRQHandler
                0x08002c08                USART1_IRQHandler
                0x08002c08                OTG_FS_IRQHandler
                0x08002c08                SPI3_IRQHandler
                0x08002c08                DMA1_Stream4_IRQHandler
                0x08002c08                I2C1_ER_IRQHandler
                0x08002c08                FMC_IRQHandler
                0x08002c08                DMA2_Stream6_IRQHandler
                0x08002c08                SAI1_IRQHandler
                0x08002c08                DMA1_Stream3_IRQHandler
 *fill*         0x08002c0a        0x2 
 .text.HAL_Init
                0x08002c0c       0x44 ./Drivers/STM32F4xx_HAL_Driver/Src/stm32f4xx_hal.o
                0x08002c0c                HAL_Init
 .text.HAL_InitTick
                0x08002c50       0x60 ./Drivers/STM32F4xx_HAL_Driver/Src/stm32f4xx_hal.o
                0x08002c50                HAL_InitTick
 .text.HAL_IncTick
                0x08002cb0       0x28 ./Drivers/STM32F4xx_HAL_Driver/Src/stm32f4xx_hal.o
                0x08002cb0                HAL_IncTick
 .text.HAL_GetTick
                0x08002cd8       0x18 ./Drivers/STM32F4xx_HAL_Driver/Src/stm32f4xx_hal.o
                0x08002cd8                HAL_GetTick
 .text.HAL_Delay
                0x08002cf0       0x48 ./Drivers/STM32F4xx_HAL_Driver/Src/stm32f4xx_hal.o
                0x08002cf0                HAL_Delay
 .text.__NVIC_SetPriorityGrouping
                0x08002d38       0x48 ./Drivers/STM32F4xx_HAL_Driver/Src/stm32f4xx_hal_cortex.o
 .text.__NVIC_GetPriorityGrouping
                0x08002d80       0x1c ./Drivers/STM32F4xx_HAL_Driver/Src/stm32f4xx_hal_cortex.o
 .text.__NVIC_EnableIRQ
                0x08002d9c       0x3c ./Drivers/STM32F4xx_HAL_Driver/Src/stm32f4xx_hal_cortex.o
 .text.__NVIC_DisableIRQ
                0x08002dd8       0x48 ./Drivers/STM32F4xx_HAL_Driver/Src/stm32f4xx_hal_cortex.o
 .text.__NVIC_SetPriority
                0x08002e20       0x54 ./Drivers/STM32F4xx_HAL_Driver/Src/stm32f4xx_hal_cortex.o
 .text.NVIC_EncodePriority
                0x08002e74       0x66 ./Drivers/STM32F4xx_HAL_Driver/Src/stm32f4xx_hal_cortex.o
 *fill*         0x08002eda        0x2 
 .text.SysTick_Config
                0x08002edc       0x44 ./Drivers/STM32F4xx_HAL_Driver/Src/stm32f4xx_hal_cortex.o
 .text.HAL_NVIC_SetPriorityGrouping
                0x08002f20       0x16 ./Drivers/STM32F4xx_HAL_Driver/Src/stm32f4xx_hal_cortex.o
                0x08002f20                HAL_NVIC_SetPriorityGrouping
 .text.HAL_NVIC_SetPriority
                0x08002f36       0x38 ./Drivers/STM32F4xx_HAL_Driver/Src/stm32f4xx_hal_cortex.o
                0x08002f36                HAL_NVIC_SetPriority
 .text.HAL_NVIC_EnableIRQ
                0x08002f6e       0x1c ./Drivers/STM32F4xx_HAL_Driver/Src/stm32f4xx_hal_cortex.o
                0x08002f6e                HAL_NVIC_EnableIRQ
 .text.HAL_NVIC_DisableIRQ
                0x08002f8a       0x1c ./Drivers/STM32F4xx_HAL_Driver/Src/stm32f4xx_hal_cortex.o
                0x08002f8a                HAL_NVIC_DisableIRQ
 .text.HAL_SYSTICK_Config
                0x08002fa6       0x18 ./Drivers/STM32F4xx_HAL_Driver/Src/stm32f4xx_hal_cortex.o
                0x08002fa6                HAL_SYSTICK_Config
 *fill*         0x08002fbe        0x2 
 .text.HAL_EXTI_ClearPending
                0x08002fc0       0x30 ./Drivers/STM32F4xx_HAL_Driver/Src/stm32f4xx_hal_exti.o
                0x08002fc0                HAL_EXTI_ClearPending
 .text.HAL_GPIO_Init
                0x08002ff0      0x358 ./Drivers/STM32F4xx_HAL_Driver/Src/stm32f4xx_hal_gpio.o
                0x08002ff0                HAL_GPIO_Init
 .text.HAL_GPIO_DeInit
                0x08003348      0x218 ./Drivers/STM32F4xx_HAL_Driver/Src/stm32f4xx_hal_gpio.o
                0x08003348                HAL_GPIO_DeInit
 .text.HAL_GPIO_WritePin
                0x08003560       0x32 ./Drivers/STM32F4xx_HAL_Driver/Src/stm32f4xx_hal_gpio.o
                0x08003560                HAL_GPIO_WritePin
 *fill*         0x08003592        0x2 
 .text.HAL_I2C_Init
                0x08003594      0x288 ./Drivers/STM32F4xx_HAL_Driver/Src/stm32f4xx_hal_i2c.o
                0x08003594                HAL_I2C_Init
 .text.HAL_I2C_Mem_Write
                0x0800381c      0x1f4 ./Drivers/STM32F4xx_HAL_Driver/Src/stm32f4xx_hal_i2c.o
                0x0800381c                HAL_I2C_Mem_Write
 .text.HAL_I2C_Mem_Read
                0x08003a10      0x464 ./Drivers/STM32F4xx_HAL_Driver/Src/stm32f4xx_hal_i2c.o
                0x08003a10                HAL_I2C_Mem_Read
 .text.I2C_RequestMemoryWrite
                0x08003e74      0x12c ./Drivers/STM32F4xx_HAL_Driver/Src/stm32f4xx_hal_i2c.o
 .text.I2C_RequestMemoryRead
                0x08003fa0      0x1d0 ./Drivers/STM32F4xx_HAL_Driver/Src/stm32f4xx_hal_i2c.o
 .text.I2C_WaitOnFlagUntilTimeout
                0x08004170       0xf4 ./Drivers/STM32F4xx_HAL_Driver/Src/stm32f4xx_hal_i2c.o
 .text.I2C_WaitOnMasterAddressFlagUntilTimeout
                0x08004264      0x140 ./Drivers/STM32F4xx_HAL_Driver/Src/stm32f4xx_hal_i2c.o
 .text.I2C_WaitOnTXEFlagUntilTimeout
                0x080043a4       0x90 ./Drivers/STM32F4xx_HAL_Driver/Src/stm32f4xx_hal_i2c.o
 .text.I2C_WaitOnBTFFlagUntilTimeout
                0x08004434       0x90 ./Drivers/STM32F4xx_HAL_Driver/Src/stm32f4xx_hal_i2c.o
 .text.I2C_WaitOnRXNEFlagUntilTimeout
                0x080044c4       0xba ./Drivers/STM32F4xx_HAL_Driver/Src/stm32f4xx_hal_i2c.o
 .text.I2C_IsAcknowledgeFailed
                0x0800457e       0x5e ./Drivers/STM32F4xx_HAL_Driver/Src/stm32f4xx_hal_i2c.o
 .text.HAL_LTDC_Init
                0x080045dc      0x1a0 ./Drivers/STM32F4xx_HAL_Driver/Src/stm32f4xx_hal_ltdc.o
                0x080045dc                HAL_LTDC_Init
 .text.HAL_LTDC_ConfigLayer
                0x0800477c       0x7c ./Drivers/STM32F4xx_HAL_Driver/Src/stm32f4xx_hal_ltdc.o
                0x0800477c                HAL_LTDC_ConfigLayer
 .text.LTDC_SetConfig
                0x080047f8      0x32e ./Drivers/STM32F4xx_HAL_Driver/Src/stm32f4xx_hal_ltdc.o
 *fill*         0x08004b26        0x2 
 .text.HAL_RCC_OscConfig
                0x08004b28      0x4f0 ./Drivers/STM32F4xx_HAL_Driver/Src/stm32f4xx_hal_rcc.o
                0x08004b28                HAL_RCC_OscConfig
 .text.HAL_RCC_ClockConfig
                0x08005018      0x1cc ./Drivers/STM32F4xx_HAL_Driver/Src/stm32f4xx_hal_rcc.o
                0x08005018                HAL_RCC_ClockConfig
 .text.HAL_RCC_GetSysClockFreq
                0x080051e4      0x20c ./Drivers/STM32F4xx_HAL_Driver/Src/stm32f4xx_hal_rcc.o
                0x080051e4                HAL_RCC_GetSysClockFreq
 .text.HAL_RCC_GetHCLKFreq
                0x080053f0       0x18 ./Drivers/STM32F4xx_HAL_Driver/Src/stm32f4xx_hal_rcc.o
                0x080053f0                HAL_RCC_GetHCLKFreq
 .text.HAL_RCC_GetPCLK1Freq
                0x08005408       0x28 ./Drivers/STM32F4xx_HAL_Driver/Src/stm32f4xx_hal_rcc.o
                0x08005408                HAL_RCC_GetPCLK1Freq
 .text.HAL_RCCEx_PeriphCLKConfig
                0x08005430      0x380 ./Drivers/STM32F4xx_HAL_Driver/Src/stm32f4xx_hal_rcc_ex.o
                0x08005430                HAL_RCCEx_PeriphCLKConfig
 .text.HAL_RNG_Init
                0x080057b0       0x54 ./Drivers/STM32F4xx_HAL_Driver/Src/stm32f4xx_hal_rng.o
                0x080057b0                HAL_RNG_Init
 .text.HAL_RNG_GenerateRandomNumber
                0x08005804       0xac ./Drivers/STM32F4xx_HAL_Driver/Src/stm32f4xx_hal_rng.o
                0x08005804                HAL_RNG_GenerateRandomNumber
 .text.HAL_RNG_IRQHandler
                0x080058b0       0xa8 ./Drivers/STM32F4xx_HAL_Driver/Src/stm32f4xx_hal_rng.o
                0x080058b0                HAL_RNG_IRQHandler
 .text.HAL_RNG_ReadyDataCallback
                0x08005958       0x16 ./Drivers/STM32F4xx_HAL_Driver/Src/stm32f4xx_hal_rng.o
                0x08005958                HAL_RNG_ReadyDataCallback
 .text.HAL_RNG_ErrorCallback
                0x0800596e       0x14 ./Drivers/STM32F4xx_HAL_Driver/Src/stm32f4xx_hal_rng.o
                0x0800596e                HAL_RNG_ErrorCallback
 .text.HAL_SPI_Init
                0x08005982      0x112 ./Drivers/STM32F4xx_HAL_Driver/Src/stm32f4xx_hal_spi.o
                0x08005982                HAL_SPI_Init
 .text.HAL_SPI_DeInit
                0x08005a94       0x50 ./Drivers/STM32F4xx_HAL_Driver/Src/stm32f4xx_hal_spi.o
                0x08005a94                HAL_SPI_DeInit
 .text.HAL_SPI_Transmit
                0x08005ae4      0x288 ./Drivers/STM32F4xx_HAL_Driver/Src/stm32f4xx_hal_spi.o
                0x08005ae4                HAL_SPI_Transmit
 .text.HAL_SPI_GetState
                0x08005d6c       0x1c ./Drivers/STM32F4xx_HAL_Driver/Src/stm32f4xx_hal_spi.o
                0x08005d6c                HAL_SPI_GetState
 .text.SPI_WaitFlagStateUntilTimeout
                0x08005d88      0x110 ./Drivers/STM32F4xx_HAL_Driver/Src/stm32f4xx_hal_spi.o
 .text.SPI_EndRxTxTransaction
                0x08005e98       0xa8 ./Drivers/STM32F4xx_HAL_Driver/Src/stm32f4xx_hal_spi.o
 .text.sprintf  0x08005f40       0x40 D:/STM32/STM32CubeIDE_1.16.0/STM32CubeIDE/plugins/com.st.stm32cube.ide.mcu.externaltools.gnu-tools-for-stm32.12.3.rel1.win32_1.0.200.202406191623/tools/bin/../lib/gcc/arm-none-eabi/12.3.1/../../../../arm-none-eabi/lib/thumb/v7e-m+fp/hard\libc_nano.a(libc_a-sprintf.o)
                0x08005f40                siprintf
                0x08005f40                sprintf
 .text.memset   0x08005f80       0x10 D:/STM32/STM32CubeIDE_1.16.0/STM32CubeIDE/plugins/com.st.stm32cube.ide.mcu.externaltools.gnu-tools-for-stm32.12.3.rel1.win32_1.0.200.202406191623/tools/bin/../lib/gcc/arm-none-eabi/12.3.1/../../../../arm-none-eabi/lib/thumb/v7e-m+fp/hard\libc_nano.a(libc_a-memset.o)
                0x08005f80                memset
 .text.__errno  0x08005f90        0xc D:/STM32/STM32CubeIDE_1.16.0/STM32CubeIDE/plugins/com.st.stm32cube.ide.mcu.externaltools.gnu-tools-for-stm32.12.3.rel1.win32_1.0.200.202406191623/tools/bin/../lib/gcc/arm-none-eabi/12.3.1/../../../../arm-none-eabi/lib/thumb/v7e-m+fp/hard\libc_nano.a(libc_a-errno.o)
                0x08005f90                __errno
 .text.__libc_init_array
                0x08005f9c       0x48 D:/STM32/STM32CubeIDE_1.16.0/STM32CubeIDE/plugins/com.st.stm32cube.ide.mcu.externaltools.gnu-tools-for-stm32.12.3.rel1.win32_1.0.200.202406191623/tools/bin/../lib/gcc/arm-none-eabi/12.3.1/../../../../arm-none-eabi/lib/thumb/v7e-m+fp/hard\libc_nano.a(libc_a-init.o)
                0x08005f9c                __libc_init_array
 .text.__retarget_lock_acquire_recursive
                0x08005fe4        0x2 D:/STM32/STM32CubeIDE_1.16.0/STM32CubeIDE/plugins/com.st.stm32cube.ide.mcu.externaltools.gnu-tools-for-stm32.12.3.rel1.win32_1.0.200.202406191623/tools/bin/../lib/gcc/arm-none-eabi/12.3.1/../../../../arm-none-eabi/lib/thumb/v7e-m+fp/hard\libc_nano.a(libc_a-lock.o)
                0x08005fe4                __retarget_lock_acquire_recursive
 .text.__retarget_lock_release_recursive
                0x08005fe6        0x2 D:/STM32/STM32CubeIDE_1.16.0/STM32CubeIDE/plugins/com.st.stm32cube.ide.mcu.externaltools.gnu-tools-for-stm32.12.3.rel1.win32_1.0.200.202406191623/tools/bin/../lib/gcc/arm-none-eabi/12.3.1/../../../../arm-none-eabi/lib/thumb/v7e-m+fp/hard\libc_nano.a(libc_a-lock.o)
                0x08005fe6                __retarget_lock_release_recursive
 .text.memcpy   0x08005fe8       0x1c D:/STM32/STM32CubeIDE_1.16.0/STM32CubeIDE/plugins/com.st.stm32cube.ide.mcu.externaltools.gnu-tools-for-stm32.12.3.rel1.win32_1.0.200.202406191623/tools/bin/../lib/gcc/arm-none-eabi/12.3.1/../../../../arm-none-eabi/lib/thumb/v7e-m+fp/hard\libc_nano.a(libc_a-memcpy-stub.o)
                0x08005fe8                memcpy
 .text._free_r  0x08006004       0x94 D:/STM32/STM32CubeIDE_1.16.0/STM32CubeIDE/plugins/com.st.stm32cube.ide.mcu.externaltools.gnu-tools-for-stm32.12.3.rel1.win32_1.0.200.202406191623/tools/bin/../lib/gcc/arm-none-eabi/12.3.1/../../../../arm-none-eabi/lib/thumb/v7e-m+fp/hard\libc_nano.a(libc_a-freer.o)
                0x08006004                _free_r
 .text.sbrk_aligned
                0x08006098       0x44 D:/STM32/STM32CubeIDE_1.16.0/STM32CubeIDE/plugins/com.st.stm32cube.ide.mcu.externaltools.gnu-tools-for-stm32.12.3.rel1.win32_1.0.200.202406191623/tools/bin/../lib/gcc/arm-none-eabi/12.3.1/../../../../arm-none-eabi/lib/thumb/v7e-m+fp/hard\libc_nano.a(libc_a-mallocr.o)
 .text._malloc_r
                0x080060dc      0x100 D:/STM32/STM32CubeIDE_1.16.0/STM32CubeIDE/plugins/com.st.stm32cube.ide.mcu.externaltools.gnu-tools-for-stm32.12.3.rel1.win32_1.0.200.202406191623/tools/bin/../lib/gcc/arm-none-eabi/12.3.1/../../../../arm-none-eabi/lib/thumb/v7e-m+fp/hard\libc_nano.a(libc_a-mallocr.o)
                0x080060dc                _malloc_r
 .text.__malloc_lock
                0x080061dc        0xc D:/STM32/STM32CubeIDE_1.16.0/STM32CubeIDE/plugins/com.st.stm32cube.ide.mcu.externaltools.gnu-tools-for-stm32.12.3.rel1.win32_1.0.200.202406191623/tools/bin/../lib/gcc/arm-none-eabi/12.3.1/../../../../arm-none-eabi/lib/thumb/v7e-m+fp/hard\libc_nano.a(libc_a-mlock.o)
                0x080061dc                __malloc_lock
 .text.__malloc_unlock
                0x080061e8        0xc D:/STM32/STM32CubeIDE_1.16.0/STM32CubeIDE/plugins/com.st.stm32cube.ide.mcu.externaltools.gnu-tools-for-stm32.12.3.rel1.win32_1.0.200.202406191623/tools/bin/../lib/gcc/arm-none-eabi/12.3.1/../../../../arm-none-eabi/lib/thumb/v7e-m+fp/hard\libc_nano.a(libc_a-mlock.o)
                0x080061e8                __malloc_unlock
 .text.__ssputs_r
                0x080061f4       0xb6 D:/STM32/STM32CubeIDE_1.16.0/STM32CubeIDE/plugins/com.st.stm32cube.ide.mcu.externaltools.gnu-tools-for-stm32.12.3.rel1.win32_1.0.200.202406191623/tools/bin/../lib/gcc/arm-none-eabi/12.3.1/../../../../arm-none-eabi/lib/thumb/v7e-m+fp/hard\libc_nano.a(libc_a-nano-svfprintf.o)
                0x080061f4                __ssputs_r
 *fill*         0x080062aa        0x2 
 .text._svfprintf_r
                0x080062ac      0x1f8 D:/STM32/STM32CubeIDE_1.16.0/STM32CubeIDE/plugins/com.st.stm32cube.ide.mcu.externaltools.gnu-tools-for-stm32.12.3.rel1.win32_1.0.200.202406191623/tools/bin/../lib/gcc/arm-none-eabi/12.3.1/../../../../arm-none-eabi/lib/thumb/v7e-m+fp/hard\libc_nano.a(libc_a-nano-svfprintf.o)
                0x080062ac                _svfiprintf_r
                0x080062ac                _svfprintf_r
 .text._printf_common
                0x080064a4       0xda D:/STM32/STM32CubeIDE_1.16.0/STM32CubeIDE/plugins/com.st.stm32cube.ide.mcu.externaltools.gnu-tools-for-stm32.12.3.rel1.win32_1.0.200.202406191623/tools/bin/../lib/gcc/arm-none-eabi/12.3.1/../../../../arm-none-eabi/lib/thumb/v7e-m+fp/hard\libc_nano.a(libc_a-nano-vfprintf_i.o)
                0x080064a4                _printf_common
 *fill*         0x0800657e        0x2 
 .text._printf_i
                0x08006580      0x240 D:/STM32/STM32CubeIDE_1.16.0/STM32CubeIDE/plugins/com.st.stm32cube.ide.mcu.externaltools.gnu-tools-for-stm32.12.3.rel1.win32_1.0.200.202406191623/tools/bin/../lib/gcc/arm-none-eabi/12.3.1/../../../../arm-none-eabi/lib/thumb/v7e-m+fp/hard\libc_nano.a(libc_a-nano-vfprintf_i.o)
                0x08006580                _printf_i
 .text.memmove  0x080067c0       0x34 D:/STM32/STM32CubeIDE_1.16.0/STM32CubeIDE/plugins/com.st.stm32cube.ide.mcu.externaltools.gnu-tools-for-stm32.12.3.rel1.win32_1.0.200.202406191623/tools/bin/../lib/gcc/arm-none-eabi/12.3.1/../../../../arm-none-eabi/lib/thumb/v7e-m+fp/hard\libc_nano.a(libc_a-memmove.o)
                0x080067c0                memmove
 .text._sbrk_r  0x080067f4       0x20 D:/STM32/STM32CubeIDE_1.16.0/STM32CubeIDE/plugins/com.st.stm32cube.ide.mcu.externaltools.gnu-tools-for-stm32.12.3.rel1.win32_1.0.200.202406191623/tools/bin/../lib/gcc/arm-none-eabi/12.3.1/../../../../arm-none-eabi/lib/thumb/v7e-m+fp/hard\libc_nano.a(libc_a-sbrkr.o)
                0x080067f4                _sbrk_r
 .text._realloc_r
                0x08006814       0x5c D:/STM32/STM32CubeIDE_1.16.0/STM32CubeIDE/plugins/com.st.stm32cube.ide.mcu.externaltools.gnu-tools-for-stm32.12.3.rel1.win32_1.0.200.202406191623/tools/bin/../lib/gcc/arm-none-eabi/12.3.1/../../../../arm-none-eabi/lib/thumb/v7e-m+fp/hard\libc_nano.a(libc_a-reallocr.o)
                0x08006814                _realloc_r
 .text._malloc_usable_size_r
                0x08006870       0x10 D:/STM32/STM32CubeIDE_1.16.0/STM32CubeIDE/plugins/com.st.stm32cube.ide.mcu.externaltools.gnu-tools-for-stm32.12.3.rel1.win32_1.0.200.202406191623/tools/bin/../lib/gcc/arm-none-eabi/12.3.1/../../../../arm-none-eabi/lib/thumb/v7e-m+fp/hard\libc_nano.a(libc_a-msizer.o)
                0x08006870                _malloc_usable_size_r
 *(.glue_7)
 .glue_7        0x08006880        0x0 linker stubs
 *(.glue_7t)
 .glue_7t       0x08006880        0x0 linker stubs
 *(.eh_frame)
 .eh_frame      0x08006880        0x0 D:/STM32/STM32CubeIDE_1.16.0/STM32CubeIDE/plugins/com.st.stm32cube.ide.mcu.externaltools.gnu-tools-for-stm32.12.3.rel1.win32_1.0.200.202406191623/tools/bin/../lib/gcc/arm-none-eabi/12.3.1/thumb/v7e-m+fp/hard/crtbegin.o
 *(.init)
 .init          0x08006880        0x4 D:/STM32/STM32CubeIDE_1.16.0/STM32CubeIDE/plugins/com.st.stm32cube.ide.mcu.externaltools.gnu-tools-for-stm32.12.3.rel1.win32_1.0.200.202406191623/tools/bin/../lib/gcc/arm-none-eabi/12.3.1/thumb/v7e-m+fp/hard/crti.o
                0x08006880                _init
 .init          0x08006884        0x8 D:/STM32/STM32CubeIDE_1.16.0/STM32CubeIDE/plugins/com.st.stm32cube.ide.mcu.externaltools.gnu-tools-for-stm32.12.3.rel1.win32_1.0.200.202406191623/tools/bin/../lib/gcc/arm-none-eabi/12.3.1/thumb/v7e-m+fp/hard/crtn.o
 *(.fini)
 .fini          0x0800688c        0x4 D:/STM32/STM32CubeIDE_1.16.0/STM32CubeIDE/plugins/com.st.stm32cube.ide.mcu.externaltools.gnu-tools-for-stm32.12.3.rel1.win32_1.0.200.202406191623/tools/bin/../lib/gcc/arm-none-eabi/12.3.1/thumb/v7e-m+fp/hard/crti.o
                0x0800688c                _fini
 .fini          0x08006890        0x8 D:/STM32/STM32CubeIDE_1.16.0/STM32CubeIDE/plugins/com.st.stm32cube.ide.mcu.externaltools.gnu-tools-for-stm32.12.3.rel1.win32_1.0.200.202406191623/tools/bin/../lib/gcc/arm-none-eabi/12.3.1/thumb/v7e-m+fp/hard/crtn.o
                0x08006898                        . = ALIGN (0x4)
                0x08006898                        _etext = .

.vfp11_veneer   0x08006898        0x0
 .vfp11_veneer  0x08006898        0x0 linker stubs

.v4_bx          0x08006898        0x0
 .v4_bx         0x08006898        0x0 linker stubs

.iplt           0x08006898        0x0
 .iplt          0x08006898        0x0 D:/STM32/STM32CubeIDE_1.16.0/STM32CubeIDE/plugins/com.st.stm32cube.ide.mcu.externaltools.gnu-tools-for-stm32.12.3.rel1.win32_1.0.200.202406191623/tools/bin/../lib/gcc/arm-none-eabi/12.3.1/thumb/v7e-m+fp/hard/crtbegin.o

.rodata         0x08006898     0x1bec
                0x08006898                        . = ALIGN (0x4)
 *(.rodata)
 .rodata        0x08006898       0x1e ./Core/Src/Game_driver.o
 *fill*         0x080068b6        0x2 
 .rodata        0x080068b8       0x40 ./Core/Src/LCD_Driver.o
 *(.rodata*)
 .rodata.tetrominos
                0x080068f8       0x70 ./Core/Src/Game_driver.o
                0x080068f8                tetrominos
 .rodata.ASCII16x24_Table
                0x08006968     0x11d0 ./Core/Src/fonts.o
                0x08006968                ASCII16x24_Table
 .rodata.ASCII12x12_Table
                0x08007b38      0x900 ./Core/Src/fonts.o
                0x08007b38                ASCII12x12_Table
 .rodata.AHBPrescTable
                0x08008438       0x10 ./Core/Src/system_stm32f4xx.o
                0x08008438                AHBPrescTable
 .rodata.APBPrescTable
                0x08008448        0x8 ./Core/Src/system_stm32f4xx.o
                0x08008448                APBPrescTable
 .rodata._svfprintf_r.str1.1
                0x08008450       0x11 D:/STM32/STM32CubeIDE_1.16.0/STM32CubeIDE/plugins/com.st.stm32cube.ide.mcu.externaltools.gnu-tools-for-stm32.12.3.rel1.win32_1.0.200.202406191623/tools/bin/../lib/gcc/arm-none-eabi/12.3.1/../../../../arm-none-eabi/lib/thumb/v7e-m+fp/hard\libc_nano.a(libc_a-nano-svfprintf.o)
 .rodata._printf_i.str1.1
                0x08008461       0x22 D:/STM32/STM32CubeIDE_1.16.0/STM32CubeIDE/plugins/com.st.stm32cube.ide.mcu.externaltools.gnu-tools-for-stm32.12.3.rel1.win32_1.0.200.202406191623/tools/bin/../lib/gcc/arm-none-eabi/12.3.1/../../../../arm-none-eabi/lib/thumb/v7e-m+fp/hard\libc_nano.a(libc_a-nano-vfprintf_i.o)
                0x08008484                        . = ALIGN (0x4)
 *fill*         0x08008483        0x1 

.ARM.extab      0x08008484        0x0
                0x08008484                        . = ALIGN (0x4)
 *(.ARM.extab* .gnu.linkonce.armextab.*)
                0x08008484                        . = ALIGN (0x4)

.ARM            0x08008484        0x8
                0x08008484                        . = ALIGN (0x4)
                0x08008484                        __exidx_start = .
 *(.ARM.exidx*)
 .ARM.exidx     0x08008484        0x8 D:/STM32/STM32CubeIDE_1.16.0/STM32CubeIDE/plugins/com.st.stm32cube.ide.mcu.externaltools.gnu-tools-for-stm32.12.3.rel1.win32_1.0.200.202406191623/tools/bin/../lib/gcc/arm-none-eabi/12.3.1/../../../../arm-none-eabi/lib/thumb/v7e-m+fp/hard\libc_nano.a(libc_a-memchr.o)
 .ARM.exidx     0x0800848c        0x0 D:/STM32/STM32CubeIDE_1.16.0/STM32CubeIDE/plugins/com.st.stm32cube.ide.mcu.externaltools.gnu-tools-for-stm32.12.3.rel1.win32_1.0.200.202406191623/tools/bin/../lib/gcc/arm-none-eabi/12.3.1/thumb/v7e-m+fp/hard\libgcc.a(_udivmoddi4.o)
                                  0x8 (size before relaxing)
                0x0800848c                        __exidx_end = .
                0x0800848c                        . = ALIGN (0x4)

.preinit_array  0x0800848c        0x0
                0x0800848c                        . = ALIGN (0x4)
                0x0800848c                        PROVIDE (__preinit_array_start = .)
 *(.preinit_array*)
                0x0800848c                        PROVIDE (__preinit_array_end = .)
                0x0800848c                        . = ALIGN (0x4)

.init_array     0x0800848c        0x4
                0x0800848c                        . = ALIGN (0x4)
                0x0800848c                        PROVIDE (__init_array_start = .)
 *(SORT_BY_NAME(.init_array.*))
 *(.init_array*)
 .init_array    0x0800848c        0x4 D:/STM32/STM32CubeIDE_1.16.0/STM32CubeIDE/plugins/com.st.stm32cube.ide.mcu.externaltools.gnu-tools-for-stm32.12.3.rel1.win32_1.0.200.202406191623/tools/bin/../lib/gcc/arm-none-eabi/12.3.1/thumb/v7e-m+fp/hard/crtbegin.o
                0x08008490                        PROVIDE (__init_array_end = .)
                0x08008490                        . = ALIGN (0x4)

.fini_array     0x08008490        0x4
                0x08008490                        . = ALIGN (0x4)
                [!provide]                        PROVIDE (__fini_array_start = .)
 *(SORT_BY_NAME(.fini_array.*))
 *(.fini_array*)
 .fini_array    0x08008490        0x4 D:/STM32/STM32CubeIDE_1.16.0/STM32CubeIDE/plugins/com.st.stm32cube.ide.mcu.externaltools.gnu-tools-for-stm32.12.3.rel1.win32_1.0.200.202406191623/tools/bin/../lib/gcc/arm-none-eabi/12.3.1/thumb/v7e-m+fp/hard/crtbegin.o
                [!provide]                        PROVIDE (__fini_array_end = .)
                0x08008494                        . = ALIGN (0x4)
                0x08008494                        _sidata = LOADADDR (.data)

.rel.dyn        0x08008494        0x0
 .rel.iplt      0x08008494        0x0 D:/STM32/STM32CubeIDE_1.16.0/STM32CubeIDE/plugins/com.st.stm32cube.ide.mcu.externaltools.gnu-tools-for-stm32.12.3.rel1.win32_1.0.200.202406191623/tools/bin/../lib/gcc/arm-none-eabi/12.3.1/thumb/v7e-m+fp/hard/crtbegin.o

.data           0x20000000       0xb0 load address 0x08008494
                0x20000000                        . = ALIGN (0x4)
                0x20000000                        _sdata = .
 *(.data)
 *(.data*)
 .data.currentX
                0x20000000        0x1 ./Core/Src/Game_driver.o
                0x20000000                currentX
 *fill*         0x20000001        0x3 
 .data.TetrominoColors
                0x20000004       0x38 ./Core/Src/Game_driver.o
                0x20000004                TetrominoColors
 .data.CurrentTextColor
                0x2000003c        0x2 ./Core/Src/LCD_Driver.o
 *fill*         0x2000003e        0x2 
 .data.Font16x24
                0x20000040        0x8 ./Core/Src/fonts.o
                0x20000040                Font16x24
 .data.Font12x12
                0x20000048        0x8 ./Core/Src/fonts.o
                0x20000048                Font12x12
 .data.SpiTimeout
                0x20000050        0x4 ./Core/Src/ili9341.o
                0x20000050                SpiTimeout
 .data.SystemCoreClock
                0x20000054        0x4 ./Core/Src/system_stm32f4xx.o
                0x20000054                SystemCoreClock
 .data.uwTickPrio
                0x20000058        0x4 ./Drivers/STM32F4xx_HAL_Driver/Src/stm32f4xx_hal.o
                0x20000058                uwTickPrio
 .data.uwTickFreq
                0x2000005c        0x1 ./Drivers/STM32F4xx_HAL_Driver/Src/stm32f4xx_hal.o
                0x2000005c                uwTickFreq
 *fill*         0x2000005d        0x3 
 .data._impure_ptr
                0x20000060        0x4 D:/STM32/STM32CubeIDE_1.16.0/STM32CubeIDE/plugins/com.st.stm32cube.ide.mcu.externaltools.gnu-tools-for-stm32.12.3.rel1.win32_1.0.200.202406191623/tools/bin/../lib/gcc/arm-none-eabi/12.3.1/../../../../arm-none-eabi/lib/thumb/v7e-m+fp/hard\libc_nano.a(libc_a-impure.o)
                0x20000060                _impure_ptr
 .data._impure_data
                0x20000064       0x4c D:/STM32/STM32CubeIDE_1.16.0/STM32CubeIDE/plugins/com.st.stm32cube.ide.mcu.externaltools.gnu-tools-for-stm32.12.3.rel1.win32_1.0.200.202406191623/tools/bin/../lib/gcc/arm-none-eabi/12.3.1/../../../../arm-none-eabi/lib/thumb/v7e-m+fp/hard\libc_nano.a(libc_a-impure.o)
                0x20000064                _impure_data
 *(.RamFunc)
 *(.RamFunc*)
                0x200000b0                        . = ALIGN (0x4)
                0x200000b0                        _edata = .
                0x08008544                        _siccmram = LOADADDR (.ccmram)

.igot.plt       0x200000b0        0x0 load address 0x08008544
 .igot.plt      0x200000b0        0x0 D:/STM32/STM32CubeIDE_1.16.0/STM32CubeIDE/plugins/com.st.stm32cube.ide.mcu.externaltools.gnu-tools-for-stm32.12.3.rel1.win32_1.0.200.202406191623/tools/bin/../lib/gcc/arm-none-eabi/12.3.1/thumb/v7e-m+fp/hard/crtbegin.o

.ccmram         0x10000000        0x0 load address 0x08008544
                0x10000000                        . = ALIGN (0x4)
                0x10000000                        _sccmram = .
 *(.ccmram)
 *(.ccmram*)
                0x10000000                        . = ALIGN (0x4)
                0x10000000                        _eccmram = .
                0x10000000                        . = ALIGN (0x4)

.bss            0x200000b0    0x25e6c
                0x200000b0                        _sbss = .
                0x200000b0                        __bss_start__ = _sbss
 *(.bss)
 .bss           0x200000b0       0x1c D:/STM32/STM32CubeIDE_1.16.0/STM32CubeIDE/plugins/com.st.stm32cube.ide.mcu.externaltools.gnu-tools-for-stm32.12.3.rel1.win32_1.0.200.202406191623/tools/bin/../lib/gcc/arm-none-eabi/12.3.1/thumb/v7e-m+fp/hard/crtbegin.o
 *(.bss*)
 .bss.StaticTouchData
                0x200000cc        0x8 ./Core/Src/ApplicationCode.o
 .bss.elapsed_time
                0x200000d4        0x4 ./Core/Src/ApplicationCode.o
                0x200000d4                elapsed_time
 .bss.playfield
                0x200000d8      0x320 ./Core/Src/Game_driver.o
                0x200000d8                playfield
 .bss.currentTetromino
                0x200003f8       0x10 ./Core/Src/Game_driver.o
                0x200003f8                currentTetromino
 .bss.currentY  0x20000408        0x1 ./Core/Src/Game_driver.o
                0x20000408                currentY
 .bss.currentTetrominoType
                0x20000409        0x1 ./Core/Src/Game_driver.o
                0x20000409                currentTetrominoType
 .bss.tetrominoColor
                0x2000040a        0x2 ./Core/Src/Game_driver.o
                0x2000040a                tetrominoColor
 .bss.gameOver  0x2000040c        0x1 ./Core/Src/Game_driver.o
 *fill*         0x2000040d        0x3 
 .bss.lastFallTime
                0x20000410        0x4 ./Core/Src/Game_driver.o
 .bss.currentTetrominoColor
                0x20000414        0x8 ./Core/Src/Game_driver.o
 .bss.hltdc     0x2000041c       0xa8 ./Core/Src/LCD_Driver.o
 .bss.PeriphClkInitStruct
                0x200004c4       0x30 ./Core/Src/LCD_Driver.o
 .bss.LCD_Currentfonts
                0x200004f4        0x4 ./Core/Src/LCD_Driver.o
 .bss.frameBuffer
                0x200004f8    0x25800 ./Core/Src/LCD_Driver.o
                0x200004f8                frameBuffer
 .bss.hrng      0x20025cf8       0x10 ./Core/Src/RNG.o
 .bss.SpiHandle
                0x20025d08       0x58 ./Core/Src/ili9341.o
 .bss.Is_LCD_IO_Initialized
                0x20025d60        0x1 ./Core/Src/ili9341.o
 *fill*         0x20025d61        0x3 
 .bss.hrng      0x20025d64       0x10 ./Core/Src/main.o
                0x20025d64                hrng
 .bss.hI2C3     0x20025d74       0x54 ./Core/Src/stmpe811.o
 .bss.HAL_status
                0x20025dc8        0x1 ./Core/Src/stmpe811.o
 *fill*         0x20025dc9        0x3 
 .bss.__sbrk_heap_end
                0x20025dcc        0x4 ./Core/Src/sysmem.o
 .bss.uwTick    0x20025dd0        0x4 ./Drivers/STM32F4xx_HAL_Driver/Src/stm32f4xx_hal.o
                0x20025dd0                uwTick
 .bss.__sf      0x20025dd4      0x138 D:/STM32/STM32CubeIDE_1.16.0/STM32CubeIDE/plugins/com.st.stm32cube.ide.mcu.externaltools.gnu-tools-for-stm32.12.3.rel1.win32_1.0.200.202406191623/tools/bin/../lib/gcc/arm-none-eabi/12.3.1/../../../../arm-none-eabi/lib/thumb/v7e-m+fp/hard\libc_nano.a(libc_a-findfp.o)
                0x20025dd4                __sf
 .bss.errno     0x20025f0c        0x4 D:/STM32/STM32CubeIDE_1.16.0/STM32CubeIDE/plugins/com.st.stm32cube.ide.mcu.externaltools.gnu-tools-for-stm32.12.3.rel1.win32_1.0.200.202406191623/tools/bin/../lib/gcc/arm-none-eabi/12.3.1/../../../../arm-none-eabi/lib/thumb/v7e-m+fp/hard\libc_nano.a(libc_a-reent.o)
                0x20025f0c                errno
 .bss.__lock___malloc_recursive_mutex
                0x20025f10        0x1 D:/STM32/STM32CubeIDE_1.16.0/STM32CubeIDE/plugins/com.st.stm32cube.ide.mcu.externaltools.gnu-tools-for-stm32.12.3.rel1.win32_1.0.200.202406191623/tools/bin/../lib/gcc/arm-none-eabi/12.3.1/../../../../arm-none-eabi/lib/thumb/v7e-m+fp/hard\libc_nano.a(libc_a-lock.o)
                0x20025f10                __lock___malloc_recursive_mutex
 *fill*         0x20025f11        0x3 
 .bss.__malloc_sbrk_start
                0x20025f14        0x4 D:/STM32/STM32CubeIDE_1.16.0/STM32CubeIDE/plugins/com.st.stm32cube.ide.mcu.externaltools.gnu-tools-for-stm32.12.3.rel1.win32_1.0.200.202406191623/tools/bin/../lib/gcc/arm-none-eabi/12.3.1/../../../../arm-none-eabi/lib/thumb/v7e-m+fp/hard\libc_nano.a(libc_a-mallocr.o)
                0x20025f14                __malloc_sbrk_start
 .bss.__malloc_free_list
                0x20025f18        0x4 D:/STM32/STM32CubeIDE_1.16.0/STM32CubeIDE/plugins/com.st.stm32cube.ide.mcu.externaltools.gnu-tools-for-stm32.12.3.rel1.win32_1.0.200.202406191623/tools/bin/../lib/gcc/arm-none-eabi/12.3.1/../../../../arm-none-eabi/lib/thumb/v7e-m+fp/hard\libc_nano.a(libc_a-mallocr.o)
                0x20025f18                __malloc_free_list
 *(COMMON)
                0x20025f1c                        . = ALIGN (0x4)
                0x20025f1c                        _ebss = .
                0x20025f1c                        __bss_end__ = _ebss

._user_heap_stack
                0x20025f1c      0x604
                0x20025f20                        . = ALIGN (0x8)
 *fill*         0x20025f1c        0x4 
                [!provide]                        PROVIDE (end = .)
                0x20025f20                        PROVIDE (_end = .)
                0x20026120                        . = (. + _Min_Heap_Size)
 *fill*         0x20025f20      0x200 
                0x20026520                        . = (. + _Min_Stack_Size)
 *fill*         0x20026120      0x400 
                0x20026520                        . = ALIGN (0x8)

/DISCARD/
 libc.a(*)
 libm.a(*)
 libgcc.a(*)

.ARM.attributes
                0x00000000       0x30
 *(.ARM.attributes)
 .ARM.attributes
                0x00000000       0x22 D:/STM32/STM32CubeIDE_1.16.0/STM32CubeIDE/plugins/com.st.stm32cube.ide.mcu.externaltools.gnu-tools-for-stm32.12.3.rel1.win32_1.0.200.202406191623/tools/bin/../lib/gcc/arm-none-eabi/12.3.1/thumb/v7e-m+fp/hard/crti.o
 .ARM.attributes
                0x00000022       0x34 D:/STM32/STM32CubeIDE_1.16.0/STM32CubeIDE/plugins/com.st.stm32cube.ide.mcu.externaltools.gnu-tools-for-stm32.12.3.rel1.win32_1.0.200.202406191623/tools/bin/../lib/gcc/arm-none-eabi/12.3.1/thumb/v7e-m+fp/hard/crtbegin.o
 .ARM.attributes
                0x00000056       0x34 ./Core/Src/ApplicationCode.o
 .ARM.attributes
                0x0000008a       0x34 ./Core/Src/Button_driver.o
 .ARM.attributes
                0x000000be       0x34 ./Core/Src/Game_driver.o
 .ARM.attributes
                0x000000f2       0x34 ./Core/Src/LCD_Driver.o
 .ARM.attributes
                0x00000126       0x34 ./Core/Src/RNG.o
 .ARM.attributes
                0x0000015a       0x34 ./Core/Src/fonts.o
 .ARM.attributes
                0x0000018e       0x34 ./Core/Src/ili9341.o
 .ARM.attributes
                0x000001c2       0x34 ./Core/Src/main.o
 .ARM.attributes
                0x000001f6       0x34 ./Core/Src/stm32f4xx_hal_msp.o
 .ARM.attributes
                0x0000022a       0x34 ./Core/Src/stm32f4xx_it.o
 .ARM.attributes
                0x0000025e       0x34 ./Core/Src/stmpe811.o
 .ARM.attributes
                0x00000292       0x34 ./Core/Src/syscalls.o
 .ARM.attributes
                0x000002c6       0x34 ./Core/Src/sysmem.o
 .ARM.attributes
                0x000002fa       0x34 ./Core/Src/system_stm32f4xx.o
 .ARM.attributes
                0x0000032e       0x21 ./Core/Startup/startup_stm32f429zitx.o
 .ARM.attributes
                0x0000034f       0x34 ./Drivers/STM32F4xx_HAL_Driver/Src/stm32f4xx_hal.o
 .ARM.attributes
                0x00000383       0x34 ./Drivers/STM32F4xx_HAL_Driver/Src/stm32f4xx_hal_cortex.o
 .ARM.attributes
                0x000003b7       0x34 ./Drivers/STM32F4xx_HAL_Driver/Src/stm32f4xx_hal_exti.o
 .ARM.attributes
                0x000003eb       0x34 ./Drivers/STM32F4xx_HAL_Driver/Src/stm32f4xx_hal_gpio.o
 .ARM.attributes
                0x0000041f       0x34 ./Drivers/STM32F4xx_HAL_Driver/Src/stm32f4xx_hal_i2c.o
 .ARM.attributes
                0x00000453       0x34 ./Drivers/STM32F4xx_HAL_Driver/Src/stm32f4xx_hal_ltdc.o
 .ARM.attributes
                0x00000487       0x34 ./Drivers/STM32F4xx_HAL_Driver/Src/stm32f4xx_hal_rcc.o
 .ARM.attributes
                0x000004bb       0x34 ./Drivers/STM32F4xx_HAL_Driver/Src/stm32f4xx_hal_rcc_ex.o
 .ARM.attributes
                0x000004ef       0x34 ./Drivers/STM32F4xx_HAL_Driver/Src/stm32f4xx_hal_rng.o
 .ARM.attributes
                0x00000523       0x34 ./Drivers/STM32F4xx_HAL_Driver/Src/stm32f4xx_hal_spi.o
 .ARM.attributes
                0x00000557       0x34 D:/STM32/STM32CubeIDE_1.16.0/STM32CubeIDE/plugins/com.st.stm32cube.ide.mcu.externaltools.gnu-tools-for-stm32.12.3.rel1.win32_1.0.200.202406191623/tools/bin/../lib/gcc/arm-none-eabi/12.3.1/../../../../arm-none-eabi/lib/thumb/v7e-m+fp/hard\libc_nano.a(libc_a-findfp.o)
 .ARM.attributes
                0x0000058b       0x34 D:/STM32/STM32CubeIDE_1.16.0/STM32CubeIDE/plugins/com.st.stm32cube.ide.mcu.externaltools.gnu-tools-for-stm32.12.3.rel1.win32_1.0.200.202406191623/tools/bin/../lib/gcc/arm-none-eabi/12.3.1/../../../../arm-none-eabi/lib/thumb/v7e-m+fp/hard\libc_nano.a(libc_a-sprintf.o)
 .ARM.attributes
                0x000005bf       0x34 D:/STM32/STM32CubeIDE_1.16.0/STM32CubeIDE/plugins/com.st.stm32cube.ide.mcu.externaltools.gnu-tools-for-stm32.12.3.rel1.win32_1.0.200.202406191623/tools/bin/../lib/gcc/arm-none-eabi/12.3.1/../../../../arm-none-eabi/lib/thumb/v7e-m+fp/hard\libc_nano.a(libc_a-memset.o)
 .ARM.attributes
                0x000005f3       0x34 D:/STM32/STM32CubeIDE_1.16.0/STM32CubeIDE/plugins/com.st.stm32cube.ide.mcu.externaltools.gnu-tools-for-stm32.12.3.rel1.win32_1.0.200.202406191623/tools/bin/../lib/gcc/arm-none-eabi/12.3.1/../../../../arm-none-eabi/lib/thumb/v7e-m+fp/hard\libc_nano.a(libc_a-reent.o)
 .ARM.attributes
                0x00000627       0x34 D:/STM32/STM32CubeIDE_1.16.0/STM32CubeIDE/plugins/com.st.stm32cube.ide.mcu.externaltools.gnu-tools-for-stm32.12.3.rel1.win32_1.0.200.202406191623/tools/bin/../lib/gcc/arm-none-eabi/12.3.1/../../../../arm-none-eabi/lib/thumb/v7e-m+fp/hard\libc_nano.a(libc_a-impure.o)
 .ARM.attributes
                0x0000065b       0x34 D:/STM32/STM32CubeIDE_1.16.0/STM32CubeIDE/plugins/com.st.stm32cube.ide.mcu.externaltools.gnu-tools-for-stm32.12.3.rel1.win32_1.0.200.202406191623/tools/bin/../lib/gcc/arm-none-eabi/12.3.1/../../../../arm-none-eabi/lib/thumb/v7e-m+fp/hard\libc_nano.a(libc_a-errno.o)
 .ARM.attributes
                0x0000068f       0x34 D:/STM32/STM32CubeIDE_1.16.0/STM32CubeIDE/plugins/com.st.stm32cube.ide.mcu.externaltools.gnu-tools-for-stm32.12.3.rel1.win32_1.0.200.202406191623/tools/bin/../lib/gcc/arm-none-eabi/12.3.1/../../../../arm-none-eabi/lib/thumb/v7e-m+fp/hard\libc_nano.a(libc_a-init.o)
 .ARM.attributes
                0x000006c3       0x34 D:/STM32/STM32CubeIDE_1.16.0/STM32CubeIDE/plugins/com.st.stm32cube.ide.mcu.externaltools.gnu-tools-for-stm32.12.3.rel1.win32_1.0.200.202406191623/tools/bin/../lib/gcc/arm-none-eabi/12.3.1/../../../../arm-none-eabi/lib/thumb/v7e-m+fp/hard\libc_nano.a(libc_a-lock.o)
 .ARM.attributes
                0x000006f7       0x34 D:/STM32/STM32CubeIDE_1.16.0/STM32CubeIDE/plugins/com.st.stm32cube.ide.mcu.externaltools.gnu-tools-for-stm32.12.3.rel1.win32_1.0.200.202406191623/tools/bin/../lib/gcc/arm-none-eabi/12.3.1/../../../../arm-none-eabi/lib/thumb/v7e-m+fp/hard\libc_nano.a(libc_a-memcpy-stub.o)
 .ARM.attributes
                0x0000072b       0x34 D:/STM32/STM32CubeIDE_1.16.0/STM32CubeIDE/plugins/com.st.stm32cube.ide.mcu.externaltools.gnu-tools-for-stm32.12.3.rel1.win32_1.0.200.202406191623/tools/bin/../lib/gcc/arm-none-eabi/12.3.1/../../../../arm-none-eabi/lib/thumb/v7e-m+fp/hard\libc_nano.a(libc_a-freer.o)
 .ARM.attributes
                0x0000075f       0x34 D:/STM32/STM32CubeIDE_1.16.0/STM32CubeIDE/plugins/com.st.stm32cube.ide.mcu.externaltools.gnu-tools-for-stm32.12.3.rel1.win32_1.0.200.202406191623/tools/bin/../lib/gcc/arm-none-eabi/12.3.1/../../../../arm-none-eabi/lib/thumb/v7e-m+fp/hard\libc_nano.a(libc_a-mallocr.o)
 .ARM.attributes
                0x00000793       0x34 D:/STM32/STM32CubeIDE_1.16.0/STM32CubeIDE/plugins/com.st.stm32cube.ide.mcu.externaltools.gnu-tools-for-stm32.12.3.rel1.win32_1.0.200.202406191623/tools/bin/../lib/gcc/arm-none-eabi/12.3.1/../../../../arm-none-eabi/lib/thumb/v7e-m+fp/hard\libc_nano.a(libc_a-mlock.o)
 .ARM.attributes
                0x000007c7       0x34 D:/STM32/STM32CubeIDE_1.16.0/STM32CubeIDE/plugins/com.st.stm32cube.ide.mcu.externaltools.gnu-tools-for-stm32.12.3.rel1.win32_1.0.200.202406191623/tools/bin/../lib/gcc/arm-none-eabi/12.3.1/../../../../arm-none-eabi/lib/thumb/v7e-m+fp/hard\libc_nano.a(libc_a-nano-svfprintf.o)
 .ARM.attributes
                0x000007fb       0x34 D:/STM32/STM32CubeIDE_1.16.0/STM32CubeIDE/plugins/com.st.stm32cube.ide.mcu.externaltools.gnu-tools-for-stm32.12.3.rel1.win32_1.0.200.202406191623/tools/bin/../lib/gcc/arm-none-eabi/12.3.1/../../../../arm-none-eabi/lib/thumb/v7e-m+fp/hard\libc_nano.a(libc_a-nano-vfprintf_i.o)
 .ARM.attributes
                0x0000082f       0x34 D:/STM32/STM32CubeIDE_1.16.0/STM32CubeIDE/plugins/com.st.stm32cube.ide.mcu.externaltools.gnu-tools-for-stm32.12.3.rel1.win32_1.0.200.202406191623/tools/bin/../lib/gcc/arm-none-eabi/12.3.1/../../../../arm-none-eabi/lib/thumb/v7e-m+fp/hard\libc_nano.a(libc_a-memmove.o)
 .ARM.attributes
                0x00000863       0x34 D:/STM32/STM32CubeIDE_1.16.0/STM32CubeIDE/plugins/com.st.stm32cube.ide.mcu.externaltools.gnu-tools-for-stm32.12.3.rel1.win32_1.0.200.202406191623/tools/bin/../lib/gcc/arm-none-eabi/12.3.1/../../../../arm-none-eabi/lib/thumb/v7e-m+fp/hard\libc_nano.a(libc_a-sbrkr.o)
 .ARM.attributes
                0x00000897       0x1c D:/STM32/STM32CubeIDE_1.16.0/STM32CubeIDE/plugins/com.st.stm32cube.ide.mcu.externaltools.gnu-tools-for-stm32.12.3.rel1.win32_1.0.200.202406191623/tools/bin/../lib/gcc/arm-none-eabi/12.3.1/../../../../arm-none-eabi/lib/thumb/v7e-m+fp/hard\libc_nano.a(libc_a-memchr.o)
 .ARM.attributes
                0x000008b3       0x34 D:/STM32/STM32CubeIDE_1.16.0/STM32CubeIDE/plugins/com.st.stm32cube.ide.mcu.externaltools.gnu-tools-for-stm32.12.3.rel1.win32_1.0.200.202406191623/tools/bin/../lib/gcc/arm-none-eabi/12.3.1/../../../../arm-none-eabi/lib/thumb/v7e-m+fp/hard\libc_nano.a(libc_a-reallocr.o)
 .ARM.attributes
                0x000008e7       0x34 D:/STM32/STM32CubeIDE_1.16.0/STM32CubeIDE/plugins/com.st.stm32cube.ide.mcu.externaltools.gnu-tools-for-stm32.12.3.rel1.win32_1.0.200.202406191623/tools/bin/../lib/gcc/arm-none-eabi/12.3.1/../../../../arm-none-eabi/lib/thumb/v7e-m+fp/hard\libc_nano.a(libc_a-msizer.o)
 .ARM.attributes
                0x0000091b       0x22 D:/STM32/STM32CubeIDE_1.16.0/STM32CubeIDE/plugins/com.st.stm32cube.ide.mcu.externaltools.gnu-tools-for-stm32.12.3.rel1.win32_1.0.200.202406191623/tools/bin/../lib/gcc/arm-none-eabi/12.3.1/thumb/v7e-m+fp/hard\libgcc.a(_aeabi_uldivmod.o)
 .ARM.attributes
                0x0000093d       0x34 D:/STM32/STM32CubeIDE_1.16.0/STM32CubeIDE/plugins/com.st.stm32cube.ide.mcu.externaltools.gnu-tools-for-stm32.12.3.rel1.win32_1.0.200.202406191623/tools/bin/../lib/gcc/arm-none-eabi/12.3.1/thumb/v7e-m+fp/hard\libgcc.a(_udivmoddi4.o)
 .ARM.attributes
                0x00000971       0x22 D:/STM32/STM32CubeIDE_1.16.0/STM32CubeIDE/plugins/com.st.stm32cube.ide.mcu.externaltools.gnu-tools-for-stm32.12.3.rel1.win32_1.0.200.202406191623/tools/bin/../lib/gcc/arm-none-eabi/12.3.1/thumb/v7e-m+fp/hard\libgcc.a(_dvmd_tls.o)
 .ARM.attributes
                0x00000993       0x22 D:/STM32/STM32CubeIDE_1.16.0/STM32CubeIDE/plugins/com.st.stm32cube.ide.mcu.externaltools.gnu-tools-for-stm32.12.3.rel1.win32_1.0.200.202406191623/tools/bin/../lib/gcc/arm-none-eabi/12.3.1/thumb/v7e-m+fp/hard/crtn.o
OUTPUT(FinalProject_v1.elf elf32-littlearm)
LOAD linker stubs
LOAD D:/STM32/STM32CubeIDE_1.16.0/STM32CubeIDE/plugins/com.st.stm32cube.ide.mcu.externaltools.gnu-tools-for-stm32.12.3.rel1.win32_1.0.200.202406191623/tools/bin/../lib/gcc/arm-none-eabi/12.3.1/../../../../arm-none-eabi/lib/thumb/v7e-m+fp/hard\libc.a
LOAD D:/STM32/STM32CubeIDE_1.16.0/STM32CubeIDE/plugins/com.st.stm32cube.ide.mcu.externaltools.gnu-tools-for-stm32.12.3.rel1.win32_1.0.200.202406191623/tools/bin/../lib/gcc/arm-none-eabi/12.3.1/../../../../arm-none-eabi/lib/thumb/v7e-m+fp/hard\libm.a
LOAD D:/STM32/STM32CubeIDE_1.16.0/STM32CubeIDE/plugins/com.st.stm32cube.ide.mcu.externaltools.gnu-tools-for-stm32.12.3.rel1.win32_1.0.200.202406191623/tools/bin/../lib/gcc/arm-none-eabi/12.3.1/thumb/v7e-m+fp/hard\libgcc.a

.debug_info     0x00000000    0x115ad
 .debug_info    0x00000000      0xa39 ./Core/Src/ApplicationCode.o
 .debug_info    0x00000a39      0x6bc ./Core/Src/Button_driver.o
 .debug_info    0x000010f5      0x839 ./Core/Src/Game_driver.o
 .debug_info    0x0000192e     0x14d5 ./Core/Src/LCD_Driver.o
 .debug_info    0x00002e03      0x431 ./Core/Src/RNG.o
 .debug_info    0x00003234      0x145 ./Core/Src/fonts.o
 .debug_info    0x00003379      0xc85 ./Core/Src/ili9341.o
 .debug_info    0x00003ffe     0x1887 ./Core/Src/main.o
 .debug_info    0x00005885     0x1f3e ./Core/Src/stm32f4xx_hal_msp.o
 .debug_info    0x000077c3      0x250 ./Core/Src/stm32f4xx_it.o
 .debug_info    0x00007a13      0xdd8 ./Core/Src/stmpe811.o
 .debug_info    0x000087eb      0x6a3 ./Core/Src/syscalls.o
 .debug_info    0x00008e8e      0x168 ./Core/Src/sysmem.o
 .debug_info    0x00008ff6      0x52e ./Core/Src/system_stm32f4xx.o
 .debug_info    0x00009524       0x30 ./Core/Startup/startup_stm32f429zitx.o
 .debug_info    0x00009554      0x9ba ./Drivers/STM32F4xx_HAL_Driver/Src/stm32f4xx_hal.o
 .debug_info    0x00009f0e      0xdc2 ./Drivers/STM32F4xx_HAL_Driver/Src/stm32f4xx_hal_cortex.o
 .debug_info    0x0000acd0      0x4f4 ./Drivers/STM32F4xx_HAL_Driver/Src/stm32f4xx_hal_exti.o
 .debug_info    0x0000b1c4      0x6db ./Drivers/STM32F4xx_HAL_Driver/Src/stm32f4xx_hal_gpio.o
 .debug_info    0x0000b89f     0x2421 ./Drivers/STM32F4xx_HAL_Driver/Src/stm32f4xx_hal_i2c.o
 .debug_info    0x0000dcc0     0x1022 ./Drivers/STM32F4xx_HAL_Driver/Src/stm32f4xx_hal_ltdc.o
 .debug_info    0x0000ece2      0x8c7 ./Drivers/STM32F4xx_HAL_Driver/Src/stm32f4xx_hal_rcc.o
 .debug_info    0x0000f5a9      0x64c ./Drivers/STM32F4xx_HAL_Driver/Src/stm32f4xx_hal_rcc_ex.o
 .debug_info    0x0000fbf5      0x493 ./Drivers/STM32F4xx_HAL_Driver/Src/stm32f4xx_hal_rng.o
 .debug_info    0x00010088     0x1525 ./Drivers/STM32F4xx_HAL_Driver/Src/stm32f4xx_hal_spi.o

.debug_abbrev   0x00000000     0x31f9
 .debug_abbrev  0x00000000      0x286 ./Core/Src/ApplicationCode.o
 .debug_abbrev  0x00000286      0x1b5 ./Core/Src/Button_driver.o
 .debug_abbrev  0x0000043b      0x257 ./Core/Src/Game_driver.o
 .debug_abbrev  0x00000692      0x343 ./Core/Src/LCD_Driver.o
 .debug_abbrev  0x000009d5      0x192 ./Core/Src/RNG.o
 .debug_abbrev  0x00000b67       0xc6 ./Core/Src/fonts.o
 .debug_abbrev  0x00000c2d      0x2c9 ./Core/Src/ili9341.o
 .debug_abbrev  0x00000ef6      0x260 ./Core/Src/main.o
 .debug_abbrev  0x00001156      0x2a5 ./Core/Src/stm32f4xx_hal_msp.o
 .debug_abbrev  0x000013fb      0x135 ./Core/Src/stm32f4xx_it.o
 .debug_abbrev  0x00001530      0x2c9 ./Core/Src/stmpe811.o
 .debug_abbrev  0x000017f9      0x1b6 ./Core/Src/syscalls.o
 .debug_abbrev  0x000019af       0xbc ./Core/Src/sysmem.o
 .debug_abbrev  0x00001a6b      0x11a ./Core/Src/system_stm32f4xx.o
 .debug_abbrev  0x00001b85       0x24 ./Core/Startup/startup_stm32f429zitx.o
 .debug_abbrev  0x00001ba9      0x214 ./Drivers/STM32F4xx_HAL_Driver/Src/stm32f4xx_hal.o
 .debug_abbrev  0x00001dbd      0x31d ./Drivers/STM32F4xx_HAL_Driver/Src/stm32f4xx_hal_cortex.o
 .debug_abbrev  0x000020da      0x1c6 ./Drivers/STM32F4xx_HAL_Driver/Src/stm32f4xx_hal_exti.o
 .debug_abbrev  0x000022a0      0x1d4 ./Drivers/STM32F4xx_HAL_Driver/Src/stm32f4xx_hal_gpio.o
 .debug_abbrev  0x00002474      0x2ad ./Drivers/STM32F4xx_HAL_Driver/Src/stm32f4xx_hal_i2c.o
 .debug_abbrev  0x00002721      0x233 ./Drivers/STM32F4xx_HAL_Driver/Src/stm32f4xx_hal_ltdc.o
 .debug_abbrev  0x00002954      0x2b7 ./Drivers/STM32F4xx_HAL_Driver/Src/stm32f4xx_hal_rcc.o
 .debug_abbrev  0x00002c0b      0x1b0 ./Drivers/STM32F4xx_HAL_Driver/Src/stm32f4xx_hal_rcc_ex.o
 .debug_abbrev  0x00002dbb      0x1c4 ./Drivers/STM32F4xx_HAL_Driver/Src/stm32f4xx_hal_rng.o
 .debug_abbrev  0x00002f7f      0x27a ./Drivers/STM32F4xx_HAL_Driver/Src/stm32f4xx_hal_spi.o

.debug_aranges  0x00000000      0xfe8
 .debug_aranges
                0x00000000       0x78 ./Core/Src/ApplicationCode.o
 .debug_aranges
                0x00000078       0x30 ./Core/Src/Button_driver.o
 .debug_aranges
                0x000000a8       0x78 ./Core/Src/Game_driver.o
 .debug_aranges
                0x00000120      0x108 ./Core/Src/LCD_Driver.o
 .debug_aranges
                0x00000228       0x28 ./Core/Src/RNG.o
 .debug_aranges
                0x00000250       0x18 ./Core/Src/fonts.o
 .debug_aranges
                0x00000268       0x98 ./Core/Src/ili9341.o
 .debug_aranges
                0x00000300       0x30 ./Core/Src/main.o
 .debug_aranges
                0x00000330       0x90 ./Core/Src/stm32f4xx_hal_msp.o
 .debug_aranges
                0x000003c0       0x68 ./Core/Src/stm32f4xx_it.o
 .debug_aranges
                0x00000428       0x88 ./Core/Src/stmpe811.o
 .debug_aranges
                0x000004b0       0xa8 ./Core/Src/syscalls.o
 .debug_aranges
                0x00000558       0x20 ./Core/Src/sysmem.o
 .debug_aranges
                0x00000578       0x28 ./Core/Src/system_stm32f4xx.o
 .debug_aranges
                0x000005a0       0x28 ./Core/Startup/startup_stm32f429zitx.o
 .debug_aranges
                0x000005c8      0x100 ./Drivers/STM32F4xx_HAL_Driver/Src/stm32f4xx_hal.o
 .debug_aranges
                0x000006c8      0x130 ./Drivers/STM32F4xx_HAL_Driver/Src/stm32f4xx_hal_cortex.o
 .debug_aranges
                0x000007f8       0x60 ./Drivers/STM32F4xx_HAL_Driver/Src/stm32f4xx_hal_exti.o
 .debug_aranges
                0x00000858       0x58 ./Drivers/STM32F4xx_HAL_Driver/Src/stm32f4xx_hal_gpio.o
 .debug_aranges
                0x000008b0      0x2a8 ./Drivers/STM32F4xx_HAL_Driver/Src/stm32f4xx_hal_i2c.o
 .debug_aranges
                0x00000b58      0x158 ./Drivers/STM32F4xx_HAL_Driver/Src/stm32f4xx_hal_ltdc.o
 .debug_aranges
                0x00000cb0       0x88 ./Drivers/STM32F4xx_HAL_Driver/Src/stm32f4xx_hal_rcc.o
 .debug_aranges
                0x00000d38       0x58 ./Drivers/STM32F4xx_HAL_Driver/Src/stm32f4xx_hal_rcc_ex.o
 .debug_aranges
                0x00000d90       0x88 ./Drivers/STM32F4xx_HAL_Driver/Src/stm32f4xx_hal_rng.o
 .debug_aranges
                0x00000e18      0x1d0 ./Drivers/STM32F4xx_HAL_Driver/Src/stm32f4xx_hal_spi.o

.debug_rnglists
                0x00000000      0xbfe
 .debug_rnglists
                0x00000000       0x55 ./Core/Src/ApplicationCode.o
 .debug_rnglists
                0x00000055       0x1f ./Core/Src/Button_driver.o
 .debug_rnglists
                0x00000074       0x5e ./Core/Src/Game_driver.o
 .debug_rnglists
                0x000000d2       0xc9 ./Core/Src/LCD_Driver.o
 .debug_rnglists
                0x0000019b       0x19 ./Core/Src/RNG.o
 .debug_rnglists
                0x000001b4       0x6f ./Core/Src/ili9341.o
 .debug_rnglists
                0x00000223       0x20 ./Core/Src/main.o
 .debug_rnglists
                0x00000243       0x6b ./Core/Src/stm32f4xx_hal_msp.o
 .debug_rnglists
                0x000002ae       0x49 ./Core/Src/stm32f4xx_it.o
 .debug_rnglists
                0x000002f7       0x67 ./Core/Src/stmpe811.o
 .debug_rnglists
                0x0000035e       0x79 ./Core/Src/syscalls.o
 .debug_rnglists
                0x000003d7       0x13 ./Core/Src/sysmem.o
 .debug_rnglists
                0x000003ea       0x1a ./Core/Src/system_stm32f4xx.o
 .debug_rnglists
                0x00000404       0x19 ./Core/Startup/startup_stm32f429zitx.o
 .debug_rnglists
                0x0000041d       0xbb ./Drivers/STM32F4xx_HAL_Driver/Src/stm32f4xx_hal.o
 .debug_rnglists
                0x000004d8       0xe0 ./Drivers/STM32F4xx_HAL_Driver/Src/stm32f4xx_hal_cortex.o
 .debug_rnglists
                0x000005b8       0x46 ./Drivers/STM32F4xx_HAL_Driver/Src/stm32f4xx_hal_exti.o
 .debug_rnglists
                0x000005fe       0x3f ./Drivers/STM32F4xx_HAL_Driver/Src/stm32f4xx_hal_gpio.o
 .debug_rnglists
                0x0000063d      0x23c ./Drivers/STM32F4xx_HAL_Driver/Src/stm32f4xx_hal_i2c.o
 .debug_rnglists
                0x00000879      0x10a ./Drivers/STM32F4xx_HAL_Driver/Src/stm32f4xx_hal_ltdc.o
 .debug_rnglists
                0x00000983       0x66 ./Drivers/STM32F4xx_HAL_Driver/Src/stm32f4xx_hal_rcc.o
 .debug_rnglists
                0x000009e9       0x43 ./Drivers/STM32F4xx_HAL_Driver/Src/stm32f4xx_hal_rcc_ex.o
 .debug_rnglists
                0x00000a2c       0x63 ./Drivers/STM32F4xx_HAL_Driver/Src/stm32f4xx_hal_rng.o
 .debug_rnglists
                0x00000a8f      0x16f ./Drivers/STM32F4xx_HAL_Driver/Src/stm32f4xx_hal_spi.o

.debug_macro    0x00000000    0x27d51
 .debug_macro   0x00000000      0x366 ./Core/Src/ApplicationCode.o
 .debug_macro   0x00000366      0xab4 ./Core/Src/ApplicationCode.o
 .debug_macro   0x00000e1a      0x2b9 ./Core/Src/ApplicationCode.o
 .debug_macro   0x000010d3       0x2e ./Core/Src/ApplicationCode.o
 .debug_macro   0x00001101       0x28 ./Core/Src/ApplicationCode.o
 .debug_macro   0x00001129       0x22 ./Core/Src/ApplicationCode.o
 .debug_macro   0x0000114b       0x8e ./Core/Src/ApplicationCode.o
 .debug_macro   0x000011d9       0x51 ./Core/Src/ApplicationCode.o
 .debug_macro   0x0000122a      0x103 ./Core/Src/ApplicationCode.o
 .debug_macro   0x0000132d       0x6a ./Core/Src/ApplicationCode.o
 .debug_macro   0x00001397      0x1df ./Core/Src/ApplicationCode.o
 .debug_macro   0x00001576       0x1c ./Core/Src/ApplicationCode.o
 .debug_macro   0x00001592       0x22 ./Core/Src/ApplicationCode.o
 .debug_macro   0x000015b4       0xfb ./Core/Src/ApplicationCode.o
 .debug_macro   0x000016af     0x1011 ./Core/Src/ApplicationCode.o
 .debug_macro   0x000026c0      0x11f ./Core/Src/ApplicationCode.o
 .debug_macro   0x000027df    0x17fd8 ./Core/Src/ApplicationCode.o
 .debug_macro   0x0001a7b7       0x6d ./Core/Src/ApplicationCode.o
 .debug_macro   0x0001a824     0x3711 ./Core/Src/ApplicationCode.o
 .debug_macro   0x0001df35      0x189 ./Core/Src/ApplicationCode.o
 .debug_macro   0x0001e0be       0x5c ./Core/Src/ApplicationCode.o
 .debug_macro   0x0001e11a      0xcba ./Core/Src/ApplicationCode.o
 .debug_macro   0x0001edd4      0x9e9 ./Core/Src/ApplicationCode.o
 .debug_macro   0x0001f7bd      0x115 ./Core/Src/ApplicationCode.o
 .debug_macro   0x0001f8d2      0x156 ./Core/Src/ApplicationCode.o
 .debug_macro   0x0001fa28       0xa5 ./Core/Src/ApplicationCode.o
 .debug_macro   0x0001facd      0x182 ./Core/Src/ApplicationCode.o
 .debug_macro   0x0001fc4f      0x287 ./Core/Src/ApplicationCode.o
 .debug_macro   0x0001fed6       0x5f ./Core/Src/ApplicationCode.o
 .debug_macro   0x0001ff35      0x236 ./Core/Src/ApplicationCode.o
 .debug_macro   0x0002016b       0x22 ./Core/Src/ApplicationCode.o
 .debug_macro   0x0002018d      0x208 ./Core/Src/ApplicationCode.o
 .debug_macro   0x00020395      0x132 ./Core/Src/ApplicationCode.o
 .debug_macro   0x000204c7      0x41d ./Core/Src/ApplicationCode.o
 .debug_macro   0x000208e4       0x2e ./Core/Src/ApplicationCode.o
 .debug_macro   0x00020912      0x1b5 ./Core/Src/ApplicationCode.o
 .debug_macro   0x00020ac7       0x22 ./Core/Src/ApplicationCode.o
 .debug_macro   0x00020ae9       0xd6 ./Core/Src/ApplicationCode.o
 .debug_macro   0x00020bbf      0x198 ./Core/Src/ApplicationCode.o
 .debug_macro   0x00020d57       0xd6 ./Core/Src/ApplicationCode.o
 .debug_macro   0x00020e2d      0x127 ./Core/Src/ApplicationCode.o
 .debug_macro   0x00020f54       0xe2 ./Core/Src/ApplicationCode.o
 .debug_macro   0x00021036       0x89 ./Core/Src/ApplicationCode.o
 .debug_macro   0x000210bf       0xa4 ./Core/Src/ApplicationCode.o
 .debug_macro   0x00021163      0x225 ./Core/Src/ApplicationCode.o
 .debug_macro   0x00021388      0x8ed ./Core/Src/ApplicationCode.o
 .debug_macro   0x00021c75       0x4d ./Core/Src/ApplicationCode.o
 .debug_macro   0x00021cc2      0x134 ./Core/Src/ApplicationCode.o
 .debug_macro   0x00021df6      0x332 ./Core/Src/ApplicationCode.o
 .debug_macro   0x00022128       0x22 ./Core/Src/ApplicationCode.o
 .debug_macro   0x0002214a      0x179 ./Core/Src/ApplicationCode.o
 .debug_macro   0x000222c3      0x15a ./Core/Src/ApplicationCode.o
 .debug_macro   0x0002241d       0x61 ./Core/Src/ApplicationCode.o
 .debug_macro   0x0002247e       0x2a ./Core/Src/ApplicationCode.o
 .debug_macro   0x000224a8       0x43 ./Core/Src/ApplicationCode.o
 .debug_macro   0x000224eb       0x34 ./Core/Src/ApplicationCode.o
 .debug_macro   0x0002251f       0x16 ./Core/Src/ApplicationCode.o
 .debug_macro   0x00022535       0x35 ./Core/Src/ApplicationCode.o
 .debug_macro   0x0002256a      0x369 ./Core/Src/ApplicationCode.o
 .debug_macro   0x000228d3       0x10 ./Core/Src/ApplicationCode.o
 .debug_macro   0x000228e3       0x16 ./Core/Src/ApplicationCode.o
 .debug_macro   0x000228f9       0x43 ./Core/Src/ApplicationCode.o
 .debug_macro   0x0002293c       0x34 ./Core/Src/ApplicationCode.o
 .debug_macro   0x00022970       0x10 ./Core/Src/ApplicationCode.o
 .debug_macro   0x00022980       0x58 ./Core/Src/ApplicationCode.o
 .debug_macro   0x000229d8       0x8e ./Core/Src/ApplicationCode.o
 .debug_macro   0x00022a66       0x1c ./Core/Src/ApplicationCode.o
 .debug_macro   0x00022a82      0x177 ./Core/Src/ApplicationCode.o
 .debug_macro   0x00022bf9       0x16 ./Core/Src/ApplicationCode.o
 .debug_macro   0x00022c0f       0x16 ./Core/Src/ApplicationCode.o
 .debug_macro   0x00022c25      0x146 ./Core/Src/ApplicationCode.o
 .debug_macro   0x00022d6b      0x4b2 ./Core/Src/ApplicationCode.o
 .debug_macro   0x0002321d      0x2fb ./Core/Src/Button_driver.o
 .debug_macro   0x00023518       0x5b ./Core/Src/Button_driver.o
 .debug_macro   0x00023573       0x94 ./Core/Src/Button_driver.o
 .debug_macro   0x00023607       0x57 ./Core/Src/Button_driver.o
 .debug_macro   0x0002365e       0x9e ./Core/Src/Button_driver.o
 .debug_macro   0x000236fc      0x10b ./Core/Src/Button_driver.o
 .debug_macro   0x00023807       0x56 ./Core/Src/Button_driver.o
 .debug_macro   0x0002385d      0x3ac ./Core/Src/Game_driver.o
 .debug_macro   0x00023c09       0x16 ./Core/Src/Game_driver.o
 .debug_macro   0x00023c1f       0x20 ./Core/Src/Game_driver.o
 .debug_macro   0x00023c3f      0x35c ./Core/Src/LCD_Driver.o
 .debug_macro   0x00023f9b      0x229 ./Core/Src/RNG.o
 .debug_macro   0x000241c4       0x6d ./Core/Src/fonts.o
 .debug_macro   0x00024231      0x22e ./Core/Src/ili9341.o
 .debug_macro   0x0002445f      0x32c ./Core/Src/ili9341.o
 .debug_macro   0x0002478b      0x376 ./Core/Src/main.o
 .debug_macro   0x00024b01      0x4ac ./Core/Src/main.o
 .debug_macro   0x00024fad      0x22e ./Core/Src/stm32f4xx_hal_msp.o
 .debug_macro   0x000251db      0x238 ./Core/Src/stm32f4xx_it.o
 .debug_macro   0x00025413      0x249 ./Core/Src/stmpe811.o
 .debug_macro   0x0002565c      0x274 ./Core/Src/syscalls.o
 .debug_macro   0x000258d0       0x10 ./Core/Src/syscalls.o
 .debug_macro   0x000258e0       0x10 ./Core/Src/syscalls.o
 .debug_macro   0x000258f0       0x10 ./Core/Src/syscalls.o
 .debug_macro   0x00025900       0x10 ./Core/Src/syscalls.o
 .debug_macro   0x00025910       0x1c ./Core/Src/syscalls.o
 .debug_macro   0x0002592c       0x52 ./Core/Src/syscalls.o
 .debug_macro   0x0002597e       0x22 ./Core/Src/syscalls.o
 .debug_macro   0x000259a0       0x10 ./Core/Src/syscalls.o
 .debug_macro   0x000259b0       0x52 ./Core/Src/syscalls.o
 .debug_macro   0x00025a02       0xcf ./Core/Src/syscalls.o
 .debug_macro   0x00025ad1       0x1c ./Core/Src/syscalls.o
 .debug_macro   0x00025aed       0x3d ./Core/Src/syscalls.o
 .debug_macro   0x00025b2a       0x35 ./Core/Src/syscalls.o
 .debug_macro   0x00025b5f      0x12c ./Core/Src/syscalls.o
 .debug_macro   0x00025c8b       0x16 ./Core/Src/syscalls.o
 .debug_macro   0x00025ca1       0x16 ./Core/Src/syscalls.o
 .debug_macro   0x00025cb7       0x29 ./Core/Src/syscalls.o
 .debug_macro   0x00025ce0       0x10 ./Core/Src/syscalls.o
 .debug_macro   0x00025cf0      0x242 ./Core/Src/syscalls.o
 .debug_macro   0x00025f32       0x1c ./Core/Src/syscalls.o
 .debug_macro   0x00025f4e       0x10 ./Core/Src/syscalls.o
 .debug_macro   0x00025f5e      0x18a ./Core/Src/syscalls.o
 .debug_macro   0x000260e8       0x16 ./Core/Src/syscalls.o
 .debug_macro   0x000260fe       0xce ./Core/Src/syscalls.o
 .debug_macro   0x000261cc       0xff ./Core/Src/sysmem.o
 .debug_macro   0x000262cb      0x23c ./Core/Src/sysmem.o
 .debug_macro   0x00026507      0x21f ./Core/Src/system_stm32f4xx.o
 .debug_macro   0x00026726      0x27f ./Drivers/STM32F4xx_HAL_Driver/Src/stm32f4xx_hal.o
 .debug_macro   0x000269a5      0x21f ./Drivers/STM32F4xx_HAL_Driver/Src/stm32f4xx_hal_cortex.o
 .debug_macro   0x00026bc4      0x21f ./Drivers/STM32F4xx_HAL_Driver/Src/stm32f4xx_hal_exti.o
 .debug_macro   0x00026de3      0x225 ./Drivers/STM32F4xx_HAL_Driver/Src/stm32f4xx_hal_gpio.o
 .debug_macro   0x00027008      0x26d ./Drivers/STM32F4xx_HAL_Driver/Src/stm32f4xx_hal_i2c.o
 .debug_macro   0x00027275      0x227 ./Drivers/STM32F4xx_HAL_Driver/Src/stm32f4xx_hal_ltdc.o
 .debug_macro   0x0002749c      0x243 ./Drivers/STM32F4xx_HAL_Driver/Src/stm32f4xx_hal_rcc.o
 .debug_macro   0x000276df      0x21f ./Drivers/STM32F4xx_HAL_Driver/Src/stm32f4xx_hal_rcc_ex.o
 .debug_macro   0x000278fe      0x225 ./Drivers/STM32F4xx_HAL_Driver/Src/stm32f4xx_hal_rng.o
 .debug_macro   0x00027b23      0x22e ./Drivers/STM32F4xx_HAL_Driver/Src/stm32f4xx_hal_spi.o

.debug_line     0x00000000    0x1542e
 .debug_line    0x00000000      0xb6e ./Core/Src/ApplicationCode.o
 .debug_line    0x00000b6e      0x99d ./Core/Src/Button_driver.o
 .debug_line    0x0000150b      0xdd5 ./Core/Src/Game_driver.o
 .debug_line    0x000022e0     0x1002 ./Core/Src/LCD_Driver.o
 .debug_line    0x000032e2      0x826 ./Core/Src/RNG.o
 .debug_line    0x00003b08      0x41e ./Core/Src/fonts.o
 .debug_line    0x00003f26      0xa46 ./Core/Src/ili9341.o
 .debug_line    0x0000496c      0xa52 ./Core/Src/main.o
 .debug_line    0x000053be      0xaba ./Core/Src/stm32f4xx_hal_msp.o
 .debug_line    0x00005e78      0x8df ./Core/Src/stm32f4xx_it.o
 .debug_line    0x00006757      0xc1b ./Core/Src/stmpe811.o
 .debug_line    0x00007372      0x8c1 ./Core/Src/syscalls.o
 .debug_line    0x00007c33      0x592 ./Core/Src/sysmem.o
 .debug_line    0x000081c5      0x889 ./Core/Src/system_stm32f4xx.o
 .debug_line    0x00008a4e       0x7a ./Core/Startup/startup_stm32f429zitx.o
 .debug_line    0x00008ac8      0xb28 ./Drivers/STM32F4xx_HAL_Driver/Src/stm32f4xx_hal.o
 .debug_line    0x000095f0      0xde4 ./Drivers/STM32F4xx_HAL_Driver/Src/stm32f4xx_hal_cortex.o
 .debug_line    0x0000a3d4      0xafe ./Drivers/STM32F4xx_HAL_Driver/Src/stm32f4xx_hal_exti.o
 .debug_line    0x0000aed2      0xca6 ./Drivers/STM32F4xx_HAL_Driver/Src/stm32f4xx_hal_gpio.o
 .debug_line    0x0000bb78     0x3c38 ./Drivers/STM32F4xx_HAL_Driver/Src/stm32f4xx_hal_i2c.o
 .debug_line    0x0000f7b0     0x18a9 ./Drivers/STM32F4xx_HAL_Driver/Src/stm32f4xx_hal_ltdc.o
 .debug_line    0x00011059      0xe7d ./Drivers/STM32F4xx_HAL_Driver/Src/stm32f4xx_hal_rcc.o
 .debug_line    0x00011ed6      0xcc7 ./Drivers/STM32F4xx_HAL_Driver/Src/stm32f4xx_hal_rcc_ex.o
 .debug_line    0x00012b9d      0xa81 ./Drivers/STM32F4xx_HAL_Driver/Src/stm32f4xx_hal_rng.o
 .debug_line    0x0001361e     0x1e10 ./Drivers/STM32F4xx_HAL_Driver/Src/stm32f4xx_hal_spi.o

.debug_str      0x00000000    0xe3512
 .debug_str     0x00000000    0xdcfd3 ./Core/Src/ApplicationCode.o
                              0xdd34b (size before relaxing)
 .debug_str     0x000dcfd3       0xf1 ./Core/Src/Button_driver.o
                              0xda85e (size before relaxing)
 .debug_str     0x000dd0c4      0x398 ./Core/Src/Game_driver.o
                              0xdcd38 (size before relaxing)
 .debug_str     0x000dd45c      0x67a ./Core/Src/LCD_Driver.o
                              0xdd475 (size before relaxing)
 .debug_str     0x000ddad6       0xd9 ./Core/Src/RNG.o
                              0xd6c58 (size before relaxing)
 .debug_str     0x000ddbaf       0x36 ./Core/Src/fonts.o
                               0x3db4 (size before relaxing)
 .debug_str     0x000ddbe5      0x537 ./Core/Src/ili9341.o
                              0xd7da5 (size before relaxing)
 .debug_str     0x000de11c      0x89c ./Core/Src/main.o
                              0xddb15 (size before relaxing)
 .debug_str     0x000de9b8      0x18b ./Core/Src/stm32f4xx_hal_msp.o
                              0xd9156 (size before relaxing)
 .debug_str     0x000deb43       0xf0 ./Core/Src/stm32f4xx_it.o
                              0xd7a5e (size before relaxing)
 .debug_str     0x000dec33      0x188 ./Core/Src/stmpe811.o
                              0xd7a61 (size before relaxing)
 .debug_str     0x000dedbb     0x2092 ./Core/Src/syscalls.o
                               0x98eb (size before relaxing)
 .debug_str     0x000e0e4d       0x6b ./Core/Src/sysmem.o
                               0x6103 (size before relaxing)
 .debug_str     0x000e0eb8       0xdb ./Core/Src/system_stm32f4xx.o
                              0xd6b97 (size before relaxing)
 .debug_str     0x000e0f93       0x44 ./Core/Startup/startup_stm32f429zitx.o
                                 0xb6 (size before relaxing)
 .debug_str     0x000e0fd7      0x610 ./Drivers/STM32F4xx_HAL_Driver/Src/stm32f4xx_hal.o
                              0xd77ba (size before relaxing)
 .debug_str     0x000e15e7      0x339 ./Drivers/STM32F4xx_HAL_Driver/Src/stm32f4xx_hal_cortex.o
                              0xd74e8 (size before relaxing)
 .debug_str     0x000e1920      0x1ca ./Drivers/STM32F4xx_HAL_Driver/Src/stm32f4xx_hal_exti.o
                              0xd6bf0 (size before relaxing)
 .debug_str     0x000e1aea       0xdc ./Drivers/STM32F4xx_HAL_Driver/Src/stm32f4xx_hal_gpio.o
                              0xd6d12 (size before relaxing)
 .debug_str     0x000e1bc6      0xb1e ./Drivers/STM32F4xx_HAL_Driver/Src/stm32f4xx_hal_i2c.o
                              0xd7ba7 (size before relaxing)
 .debug_str     0x000e26e4      0x491 ./Drivers/STM32F4xx_HAL_Driver/Src/stm32f4xx_hal_ltdc.o
                              0xd71fb (size before relaxing)
 .debug_str     0x000e2b75      0x213 ./Drivers/STM32F4xx_HAL_Driver/Src/stm32f4xx_hal_rcc.o
                              0xd6fcb (size before relaxing)
 .debug_str     0x000e2d88      0x133 ./Drivers/STM32F4xx_HAL_Driver/Src/stm32f4xx_hal_rcc_ex.o
                              0xd6d92 (size before relaxing)
 .debug_str     0x000e2ebb      0x13f ./Drivers/STM32F4xx_HAL_Driver/Src/stm32f4xx_hal_rng.o
                              0xd6c84 (size before relaxing)
 .debug_str     0x000e2ffa      0x518 ./Drivers/STM32F4xx_HAL_Driver/Src/stm32f4xx_hal_spi.o
                              0xd7442 (size before relaxing)

.comment        0x00000000       0x43
 .comment       0x00000000       0x43 ./Core/Src/ApplicationCode.o
                                 0x44 (size before relaxing)
 .comment       0x00000043       0x44 ./Core/Src/Button_driver.o
 .comment       0x00000043       0x44 ./Core/Src/Game_driver.o
 .comment       0x00000043       0x44 ./Core/Src/LCD_Driver.o
 .comment       0x00000043       0x44 ./Core/Src/RNG.o
 .comment       0x00000043       0x44 ./Core/Src/fonts.o
 .comment       0x00000043       0x44 ./Core/Src/ili9341.o
 .comment       0x00000043       0x44 ./Core/Src/main.o
 .comment       0x00000043       0x44 ./Core/Src/stm32f4xx_hal_msp.o
 .comment       0x00000043       0x44 ./Core/Src/stm32f4xx_it.o
 .comment       0x00000043       0x44 ./Core/Src/stmpe811.o
 .comment       0x00000043       0x44 ./Core/Src/syscalls.o
 .comment       0x00000043       0x44 ./Core/Src/sysmem.o
 .comment       0x00000043       0x44 ./Core/Src/system_stm32f4xx.o
 .comment       0x00000043       0x44 ./Drivers/STM32F4xx_HAL_Driver/Src/stm32f4xx_hal.o
 .comment       0x00000043       0x44 ./Drivers/STM32F4xx_HAL_Driver/Src/stm32f4xx_hal_cortex.o
 .comment       0x00000043       0x44 ./Drivers/STM32F4xx_HAL_Driver/Src/stm32f4xx_hal_exti.o
 .comment       0x00000043       0x44 ./Drivers/STM32F4xx_HAL_Driver/Src/stm32f4xx_hal_gpio.o
 .comment       0x00000043       0x44 ./Drivers/STM32F4xx_HAL_Driver/Src/stm32f4xx_hal_i2c.o
 .comment       0x00000043       0x44 ./Drivers/STM32F4xx_HAL_Driver/Src/stm32f4xx_hal_ltdc.o
 .comment       0x00000043       0x44 ./Drivers/STM32F4xx_HAL_Driver/Src/stm32f4xx_hal_rcc.o
 .comment       0x00000043       0x44 ./Drivers/STM32F4xx_HAL_Driver/Src/stm32f4xx_hal_rcc_ex.o
 .comment       0x00000043       0x44 ./Drivers/STM32F4xx_HAL_Driver/Src/stm32f4xx_hal_rng.o
 .comment       0x00000043       0x44 ./Drivers/STM32F4xx_HAL_Driver/Src/stm32f4xx_hal_spi.o

.debug_frame    0x00000000     0x452c
 .debug_frame   0x00000000      0x17c ./Core/Src/ApplicationCode.o
 .debug_frame   0x0000017c       0x74 ./Core/Src/Button_driver.o
 .debug_frame   0x000001f0      0x1d4 ./Core/Src/Game_driver.o
 .debug_frame   0x000003c4      0x458 ./Core/Src/LCD_Driver.o
 .debug_frame   0x0000081c       0x58 ./Core/Src/RNG.o
 .debug_frame   0x00000874      0x228 ./Core/Src/ili9341.o
 .debug_frame   0x00000a9c       0x68 ./Core/Src/main.o
 .debug_frame   0x00000b04      0x248 ./Core/Src/stm32f4xx_hal_msp.o
 .debug_frame   0x00000d4c      0x120 ./Core/Src/stm32f4xx_it.o
 .debug_frame   0x00000e6c      0x204 ./Core/Src/stmpe811.o
 .debug_frame   0x00001070      0x2ac ./Core/Src/syscalls.o
 .debug_frame   0x0000131c       0x34 ./Core/Src/sysmem.o
 .debug_frame   0x00001350       0x58 ./Core/Src/system_stm32f4xx.o
 .debug_frame   0x000013a8      0x3b4 ./Drivers/STM32F4xx_HAL_Driver/Src/stm32f4xx_hal.o
 .debug_frame   0x0000175c      0x508 ./Drivers/STM32F4xx_HAL_Driver/Src/stm32f4xx_hal_cortex.o
 .debug_frame   0x00001c64      0x174 ./Drivers/STM32F4xx_HAL_Driver/Src/stm32f4xx_hal_exti.o
 .debug_frame   0x00001dd8      0x14c ./Drivers/STM32F4xx_HAL_Driver/Src/stm32f4xx_hal_gpio.o
 .debug_frame   0x00001f24      0xc84 ./Drivers/STM32F4xx_HAL_Driver/Src/stm32f4xx_hal_i2c.o
 .debug_frame   0x00002ba8      0x61c ./Drivers/STM32F4xx_HAL_Driver/Src/stm32f4xx_hal_ltdc.o
 .debug_frame   0x000031c4      0x1f4 ./Drivers/STM32F4xx_HAL_Driver/Src/stm32f4xx_hal_rcc.o
 .debug_frame   0x000033b8      0x13c ./Drivers/STM32F4xx_HAL_Driver/Src/stm32f4xx_hal_rcc_ex.o