../Drivers/CMSIS/Include/core_cm4.h:1684:22:__NVIC_EnableIRQ	16	static,ignoring_inline_asm
../Core/Src/ApplicationCode.c:28:6:TIM7_Init	8	static
../Core/Src/ApplicationCode.c:50:6:TimerStart	4	static
../Core/Src/ApplicationCode.c:55:6:TimerStop	4	static
../Core/Src/ApplicationCode.c:59:10:Timer_GetValue	4	static
../Core/Src/ApplicationCode.c:63:10:Timer_GetElapsedTime	8	static
../Core/Src/ApplicationCode.c:69:6:TIM7_IRQHandler	4	static
../Core/Src/ApplicationCode.c:79:6:Button_Interrupt	8	static
../Core/Src/ApplicationCode.c:83:6:ApplicationInit	8	static
../Core/Src/ApplicationCode.c:123:6:LCD_Visual_Demo	8	static
../Core/Src/ApplicationCode.c:129:6:LCD_Touch_Polling_Demo	8	static
../Core/Src/ApplicationCode.c:232:6:EXTI0_IRQHandler	8	static
