../Core/Src/Game_driver.c:101:6:Game_IsOver	4	static
../Core/Src/Game_driver.c:105:6:Game_Init	8	static
../Core/Src/Game_driver.c:114:6:Game_Draw_Field	32	static
../Core/Src/Game_driver.c:136:6:Game_Draw_Tetromino	40	static
../Core/Src/Game_driver.c:156:6:CopyTetrominoToPlayfield	16	static
../Core/Src/Game_driver.c:171:6:SpawnTetromino	24	static
../Core/Src/Game_driver.c:195:6:ClearFullRows	16	static
../Core/Src/Game_driver.c:215:6:CheckCollision	32	static
../Core/Src/Game_driver.c:233:9:MoveTetromino	16	static
../Core/Src/Game_driver.c:242:6:RotateTetromino	56	static
../Core/Src/Game_driver.c:260:6:EndGame	40	static
../Core/Src/Game_driver.c:284:6:Game_Update	32	static
