../Core/Src/LCD_Driver.c:35:6:LCD_GPIO_Init	56	static
../Core/Src/LCD_Driver.c:118:6:LTCD_Layer_Init	72	static
../Core/Src/LCD_Driver.c:145:6:clearScreen	8	static
../Core/Src/LCD_Driver.c:150:6:LCD_DisplayString	16	static
../Core/Src/LCD_Driver.c:157:6:LTCD__Init	8	static
../Core/Src/LCD_Driver.c:215:6:LCD_Draw_Pixel	16	static
../Core/Src/LCD_Driver.c:225:6:LCD_Draw_Circle_Fill	32	static
../Core/Src/LCD_Driver.c:239:6:LCD_Draw_Vertical_Line	32	static
../Core/Src/LCD_Driver.c:247:6:LCD_Draw_Horizontal_Line	32	static
../Core/Src/LCD_Driver.c:254:6:LCD_Clear	24	static
../Core/Src/LCD_Driver.c:265:6:LCD_SetTextColor	16	static
../Core/Src/LCD_Driver.c:271:6:LCD_SetFont	16	static
../Core/Src/LCD_Driver.c:277:6:LCD_Draw_Char	24	static
../Core/Src/LCD_Driver.c:297:6:LCD_DisplayChar	16	static
../Core/Src/LCD_Driver.c:303:6:visualDemo	144	static
../Core/Src/LCD_Driver.c:380:6:visualDemo_G	8	static
../Core/Src/LCD_Driver.c:397:6:LCD_Error_Handler	4	static,ignoring_inline_asm
../Core/Src/LCD_Driver.c:410:6:LCD_DrawPixel	16	static
../Core/Src/LCD_Driver.c:417:6:LCD_DrawRectangle	32	static
../Core/Src/LCD_Driver.c:427:6:LCD_SetBackgroundColor	16	static
../Core/Src/LCD_Driver.c:432:6:LCD_Draw_Tetromino_Block	32	static
../Core/Src/LCD_Driver.c:446:6:LCD_Draw_Tetromino_Shape	56	static
../Core/Src/LCD_Driver.c:464:6:DrawArrows	16	static
../Core/Src/LCD_Driver.c:486:6:DrawGameField	16	static
../Core/Src/LCD_Driver.c:495:6:DrawGrid	16	static
../Core/Src/LCD_Driver.c:509:6:InitializeLCDTouch	8	static
../Core/Src/LCD_Driver.c:517:18:returnTouchStateAndLocation	16	static
../Core/Src/LCD_Driver.c:522:6:DetermineTouchPosition	16	static
../Core/Src/LCD_Driver.c:527:9:ReadRegisterFromTouchModule	16	static
../Core/Src/LCD_Driver.c:532:6:WriteDataToTouchModule	16	static
